Archive member included to satisfy reference by file (symbol)

/opt/ps4sdk/libPS4/libPS4.a(kernel.o)
                              build/main.o (initKernel)
/opt/ps4sdk/libPS4/libPS4.a(libc.o)
                              build/main.o (initLibc)
/opt/ps4sdk/libPS4/libPS4.a(module.o)
                              /opt/ps4sdk/libPS4/libPS4.a(kernel.o) (getFunctionAddressByName)
/opt/ps4sdk/libPS4/libPS4.a(payload_utils.o)
                              build/main.o (jailbreak)
/opt/ps4sdk/libPS4/libPS4.a(pthread.o)
                              build/main.o (initPthread)
/opt/ps4sdk/libPS4/libPS4.a(sysutil.o)
                              build/main.o (initSysUtil)
/opt/ps4sdk/libPS4/libPS4.a(syscall.o)
                              build/main.o (syscall)
/opt/ps4sdk/libPS4/libPS4.a(debug.o)
                              /opt/ps4sdk/libPS4/libPS4.a(payload_utils.o) (DEBUG_SOCK)
/opt/ps4sdk/libPS4/libPS4.a(file.o)
                              /opt/ps4sdk/libPS4/libPS4.a(payload_utils.o) (read)
/opt/ps4sdk/libPS4/libPS4.a(memory.o)
                              /opt/ps4sdk/libPS4/libPS4.a(payload_utils.o) (mmap)
/opt/ps4sdk/libPS4/libPS4.a(network.o)
                              /opt/ps4sdk/libPS4/libPS4.a(payload_utils.o) (SckSend)

Merging program properties

Removed property 0xc0000002 to merge build/main.o (0x3) and /tmp/ccsRjhNW.o (not found)
Removed property 0xc0000002 to merge build/main.o (not found) and /opt/ps4sdk/libPS4/libPS4.a(kernel.o) (0x3)
Removed property 0xc0000002 to merge build/main.o (not found) and /opt/ps4sdk/libPS4/libPS4.a(libc.o) (0x3)
Removed property 0xc0000002 to merge build/main.o (not found) and /opt/ps4sdk/libPS4/libPS4.a(module.o) (0x3)
Removed property 0xc0000002 to merge build/main.o (not found) and /opt/ps4sdk/libPS4/libPS4.a(payload_utils.o) (0x3)
Removed property 0xc0000002 to merge build/main.o (not found) and /opt/ps4sdk/libPS4/libPS4.a(pthread.o) (0x3)
Removed property 0xc0000002 to merge build/main.o (not found) and /opt/ps4sdk/libPS4/libPS4.a(sysutil.o) (0x3)
Removed property 0xc0000002 to merge build/main.o (not found) and /opt/ps4sdk/libPS4/libPS4.a(debug.o) (0x3)
Removed property 0xc0000002 to merge build/main.o (not found) and /opt/ps4sdk/libPS4/libPS4.a(file.o) (0x3)
Removed property 0xc0000002 to merge build/main.o (not found) and /opt/ps4sdk/libPS4/libPS4.a(memory.o) (0x3)
Removed property 0xc0000002 to merge build/main.o (not found) and /opt/ps4sdk/libPS4/libPS4.a(network.o) (0x3)

Discarded input sections

 .data          0x0000000000000000        0x0 /tmp/ccsRjhNW.o
 .bss           0x0000000000000000        0x0 /tmp/ccsRjhNW.o
 .text          0x0000000000000000        0x0 build/main.o
 .data          0x0000000000000000        0x0 build/main.o
 .bss           0x0000000000000000        0x0 build/main.o
 .comment       0x0000000000000000       0x2c build/main.o
 .note.GNU-stack
                0x0000000000000000        0x0 build/main.o
 .note.gnu.property
                0x0000000000000000       0x20 build/main.o
 .eh_frame      0x0000000000000000       0x50 build/main.o
 .data          0x0000000000000000        0x0 /opt/ps4sdk/libPS4/libPS4.a(kernel.o)
 .bss           0x0000000000000000        0x0 /opt/ps4sdk/libPS4/libPS4.a(kernel.o)
 .comment       0x0000000000000000       0x2c /opt/ps4sdk/libPS4/libPS4.a(kernel.o)
 .note.GNU-stack
                0x0000000000000000        0x0 /opt/ps4sdk/libPS4/libPS4.a(kernel.o)
 .note.gnu.property
                0x0000000000000000       0x20 /opt/ps4sdk/libPS4/libPS4.a(kernel.o)
 .eh_frame      0x0000000000000000       0x50 /opt/ps4sdk/libPS4/libPS4.a(kernel.o)
 .text          0x0000000000000000        0x0 /opt/ps4sdk/libPS4/libPS4.a(libc.o)
 .data          0x0000000000000000        0x0 /opt/ps4sdk/libPS4/libPS4.a(libc.o)
 .bss           0x0000000000000000        0x0 /opt/ps4sdk/libPS4/libPS4.a(libc.o)
 .text.memset_s
                0x0000000000000000       0x51 /opt/ps4sdk/libPS4/libPS4.a(libc.o)
 .comment       0x0000000000000000       0x2c /opt/ps4sdk/libPS4/libPS4.a(libc.o)
 .note.GNU-stack
                0x0000000000000000        0x0 /opt/ps4sdk/libPS4/libPS4.a(libc.o)
 .note.gnu.property
                0x0000000000000000       0x20 /opt/ps4sdk/libPS4/libPS4.a(libc.o)
 .eh_frame      0x0000000000000000       0x68 /opt/ps4sdk/libPS4/libPS4.a(libc.o)
 .data          0x0000000000000000        0x0 /opt/ps4sdk/libPS4/libPS4.a(module.o)
 .bss           0x0000000000000000        0x0 /opt/ps4sdk/libPS4/libPS4.a(module.o)
 .text.getModuleInfo
                0x0000000000000000       0x1f /opt/ps4sdk/libPS4/libPS4.a(module.o)
 .rodata.initModule.str1.1
                0x0000000000000000       0x2c /opt/ps4sdk/libPS4/libPS4.a(module.o)
 .text.initModule
                0x0000000000000000       0x47 /opt/ps4sdk/libPS4/libPS4.a(module.o)
 .bss.sceSysmoduleLoadModule
                0x0000000000000000        0x8 /opt/ps4sdk/libPS4/libPS4.a(module.o)
 .bss.libModule
                0x0000000000000000        0x4 /opt/ps4sdk/libPS4/libPS4.a(module.o)
 .comment       0x0000000000000000       0x2c /opt/ps4sdk/libPS4/libPS4.a(module.o)
 .note.GNU-stack
                0x0000000000000000        0x0 /opt/ps4sdk/libPS4/libPS4.a(module.o)
 .note.gnu.property
                0x0000000000000000       0x20 /opt/ps4sdk/libPS4/libPS4.a(module.o)
 .eh_frame      0x0000000000000000       0x80 /opt/ps4sdk/libPS4/libPS4.a(module.o)
 .text          0x0000000000000000        0x0 /opt/ps4sdk/libPS4/libPS4.a(payload_utils.o)
 .data          0x0000000000000000        0x0 /opt/ps4sdk/libPS4/libPS4.a(payload_utils.o)
 .bss           0x0000000000000000        0x0 /opt/ps4sdk/libPS4/libPS4.a(payload_utils.o)
 .text.kpayload_kbase
                0x0000000000000000      0x678 /opt/ps4sdk/libPS4/libPS4.a(payload_utils.o)
 .rodata.kpayload_kbase
                0x0000000000000000       0x50 /opt/ps4sdk/libPS4/libPS4.a(payload_utils.o)
 .text.kpayload_dump
                0x0000000000000000      0x5bb /opt/ps4sdk/libPS4/libPS4.a(payload_utils.o)
 .rodata.kpayload_dump
                0x0000000000000000       0x50 /opt/ps4sdk/libPS4/libPS4.a(payload_utils.o)
 .text.kpayload_mmap
                0x0000000000000000      0x753 /opt/ps4sdk/libPS4/libPS4.a(payload_utils.o)
 .rodata.kpayload_mmap
                0x0000000000000000       0x50 /opt/ps4sdk/libPS4/libPS4.a(payload_utils.o)
 .text.kpayload_aslr
                0x0000000000000000      0x5e4 /opt/ps4sdk/libPS4/libPS4.a(payload_utils.o)
 .rodata.kpayload_aslr
                0x0000000000000000       0x50 /opt/ps4sdk/libPS4/libPS4.a(payload_utils.o)
 .rodata.kpayload_kernel_clock.str1.1
                0x0000000000000000       0xe7 /opt/ps4sdk/libPS4/libPS4.a(payload_utils.o)
 .text.kpayload_kernel_clock
                0x0000000000000000     0x103b /opt/ps4sdk/libPS4/libPS4.a(payload_utils.o)
 .rodata.kpayload_kernel_clock
                0x0000000000000000       0x50 /opt/ps4sdk/libPS4/libPS4.a(payload_utils.o)
 .text.kpayload_enable_browser
                0x0000000000000000      0x65a /opt/ps4sdk/libPS4/libPS4.a(payload_utils.o)
 .rodata.kpayload_enable_browser
                0x0000000000000000       0x50 /opt/ps4sdk/libPS4/libPS4.a(payload_utils.o)
 .text.kpayload_target_id
                0x0000000000000000      0x5bd /opt/ps4sdk/libPS4/libPS4.a(payload_utils.o)
 .rodata.kpayload_target_id
                0x0000000000000000       0x50 /opt/ps4sdk/libPS4/libPS4.a(payload_utils.o)
 .text.kpayload_perm_uart
                0x0000000000000000      0x608 /opt/ps4sdk/libPS4/libPS4.a(payload_utils.o)
 .rodata.kpayload_perm_uart
                0x0000000000000000       0x50 /opt/ps4sdk/libPS4/libPS4.a(payload_utils.o)
 .text.kpayload_exit_idu
                0x0000000000000000      0x608 /opt/ps4sdk/libPS4/libPS4.a(payload_utils.o)
 .rodata.kpayload_exit_idu
                0x0000000000000000       0x50 /opt/ps4sdk/libPS4/libPS4.a(payload_utils.o)
 .text.kpayload_npdrm_patch
                0x0000000000000000      0x8b0 /opt/ps4sdk/libPS4/libPS4.a(payload_utils.o)
 .rodata.kpayload_npdrm_patch
                0x0000000000000000       0x50 /opt/ps4sdk/libPS4/libPS4.a(payload_utils.o)
 .rodata.is_fw_spoofed.str1.1
                0x0000000000000000        0xc /opt/ps4sdk/libPS4/libPS4.a(payload_utils.o)
 .text.is_fw_spoofed
                0x0000000000000000       0xb2 /opt/ps4sdk/libPS4/libPS4.a(payload_utils.o)
 .rodata.get_firmware_string.str1.1
                0x0000000000000000       0x22 /opt/ps4sdk/libPS4/libPS4.a(payload_utils.o)
 .text.get_firmware_string
                0x0000000000000000       0xbb /opt/ps4sdk/libPS4/libPS4.a(payload_utils.o)
 .text.get_kernel_base
                0x0000000000000000       0x88 /opt/ps4sdk/libPS4/libPS4.a(payload_utils.o)
 .text.get_memory_dump
                0x0000000000000000       0x47 /opt/ps4sdk/libPS4/libPS4.a(payload_utils.o)
 .text.mmap_patch
                0x0000000000000000       0x2a /opt/ps4sdk/libPS4/libPS4.a(payload_utils.o)
 .text.disable_aslr
                0x0000000000000000       0x2a /opt/ps4sdk/libPS4/libPS4.a(payload_utils.o)
 .text.kernel_clock
                0x0000000000000000       0x31 /opt/ps4sdk/libPS4/libPS4.a(payload_utils.o)
 .text.enable_browser
                0x0000000000000000       0x2a /opt/ps4sdk/libPS4/libPS4.a(payload_utils.o)
 .text.spoof_target_id
                0x0000000000000000       0x32 /opt/ps4sdk/libPS4/libPS4.a(payload_utils.o)
 .text.enable_perm_uart
                0x0000000000000000       0x2a /opt/ps4sdk/libPS4/libPS4.a(payload_utils.o)
 .text.exit_idu
                0x0000000000000000       0x2a /opt/ps4sdk/libPS4/libPS4.a(payload_utils.o)
 .text.npdrm_patch
                0x0000000000000000       0x2a /opt/ps4sdk/libPS4/libPS4.a(payload_utils.o)
 .comment       0x0000000000000000       0x2c /opt/ps4sdk/libPS4/libPS4.a(payload_utils.o)
 .note.GNU-stack
                0x0000000000000000        0x0 /opt/ps4sdk/libPS4/libPS4.a(payload_utils.o)
 .note.gnu.property
                0x0000000000000000       0x20 /opt/ps4sdk/libPS4/libPS4.a(payload_utils.o)
 .eh_frame      0x0000000000000000      0x418 /opt/ps4sdk/libPS4/libPS4.a(payload_utils.o)
 .text          0x0000000000000000        0x0 /opt/ps4sdk/libPS4/libPS4.a(pthread.o)
 .data          0x0000000000000000        0x0 /opt/ps4sdk/libPS4/libPS4.a(pthread.o)
 .bss           0x0000000000000000        0x0 /opt/ps4sdk/libPS4/libPS4.a(pthread.o)
 .comment       0x0000000000000000       0x2c /opt/ps4sdk/libPS4/libPS4.a(pthread.o)
 .note.GNU-stack
                0x0000000000000000        0x0 /opt/ps4sdk/libPS4/libPS4.a(pthread.o)
 .note.gnu.property
                0x0000000000000000       0x20 /opt/ps4sdk/libPS4/libPS4.a(pthread.o)
 .eh_frame      0x0000000000000000       0x48 /opt/ps4sdk/libPS4/libPS4.a(pthread.o)
 .text          0x0000000000000000        0x0 /opt/ps4sdk/libPS4/libPS4.a(sysutil.o)
 .data          0x0000000000000000        0x0 /opt/ps4sdk/libPS4/libPS4.a(sysutil.o)
 .bss           0x0000000000000000        0x0 /opt/ps4sdk/libPS4/libPS4.a(sysutil.o)
 .rodata.initUserService.str1.1
                0x0000000000000000       0xb3 /opt/ps4sdk/libPS4/libPS4.a(sysutil.o)
 .text.initUserService
                0x0000000000000000       0x9f /opt/ps4sdk/libPS4/libPS4.a(sysutil.o)
 .text.openBrowser
                0x0000000000000000       0x12 /opt/ps4sdk/libPS4/libPS4.a(sysutil.o)
 .text.getUserIDList
                0x0000000000000000       0x47 /opt/ps4sdk/libPS4/libPS4.a(sysutil.o)
 .text.getUserID
                0x0000000000000000       0x18 /opt/ps4sdk/libPS4/libPS4.a(sysutil.o)
 .text.getUserName
                0x0000000000000000       0x8d /opt/ps4sdk/libPS4/libPS4.a(sysutil.o)
 .text.getInitialUser
                0x0000000000000000       0x45 /opt/ps4sdk/libPS4/libPS4.a(sysutil.o)
 .rodata.shutdown.str1.1
                0x0000000000000000       0x11 /opt/ps4sdk/libPS4/libPS4.a(sysutil.o)
 .text.shutdown
                0x0000000000000000       0x54 /opt/ps4sdk/libPS4/libPS4.a(sysutil.o)
 .rodata.reboot.str1.1
                0x0000000000000000       0x32 /opt/ps4sdk/libPS4/libPS4.a(sysutil.o)
 .text.reboot   0x0000000000000000       0x41 /opt/ps4sdk/libPS4/libPS4.a(sysutil.o)
 .bss.sceKernelReboot
                0x0000000000000000        0x8 /opt/ps4sdk/libPS4/libPS4.a(sysutil.o)
 .bss.sceUserServiceTerminate
                0x0000000000000000        0x8 /opt/ps4sdk/libPS4/libPS4.a(sysutil.o)
 .bss.sceUserServiceGetInitialUser
                0x0000000000000000        0x8 /opt/ps4sdk/libPS4/libPS4.a(sysutil.o)
 .bss.sceUserServiceGetUserName
                0x0000000000000000        0x8 /opt/ps4sdk/libPS4/libPS4.a(sysutil.o)
 .bss.sceUserServiceGetLoginUserIdList
                0x0000000000000000        0x8 /opt/ps4sdk/libPS4/libPS4.a(sysutil.o)
 .bss.sceUserServiceInitialize
                0x0000000000000000        0x8 /opt/ps4sdk/libPS4/libPS4.a(sysutil.o)
 .bss.libSceUserService
                0x0000000000000000        0x4 /opt/ps4sdk/libPS4/libPS4.a(sysutil.o)
 .comment       0x0000000000000000       0x2c /opt/ps4sdk/libPS4/libPS4.a(sysutil.o)
 .note.GNU-stack
                0x0000000000000000        0x0 /opt/ps4sdk/libPS4/libPS4.a(sysutil.o)
 .note.gnu.property
                0x0000000000000000       0x20 /opt/ps4sdk/libPS4/libPS4.a(sysutil.o)
 .eh_frame      0x0000000000000000      0x120 /opt/ps4sdk/libPS4/libPS4.a(sysutil.o)
 .data          0x0000000000000000        0x0 /opt/ps4sdk/libPS4/libPS4.a(syscall.o)
 .bss           0x0000000000000000        0x0 /opt/ps4sdk/libPS4/libPS4.a(syscall.o)
 .text          0x0000000000000000        0x0 /opt/ps4sdk/libPS4/libPS4.a(debug.o)
 .data          0x0000000000000000        0x0 /opt/ps4sdk/libPS4/libPS4.a(debug.o)
 .bss           0x0000000000000000        0x0 /opt/ps4sdk/libPS4/libPS4.a(debug.o)
 .comment       0x0000000000000000       0x2c /opt/ps4sdk/libPS4/libPS4.a(debug.o)
 .note.GNU-stack
                0x0000000000000000        0x0 /opt/ps4sdk/libPS4/libPS4.a(debug.o)
 .note.gnu.property
                0x0000000000000000       0x20 /opt/ps4sdk/libPS4/libPS4.a(debug.o)
 .data          0x0000000000000000        0x0 /opt/ps4sdk/libPS4/libPS4.a(file.o)
 .bss           0x0000000000000000        0x0 /opt/ps4sdk/libPS4/libPS4.a(file.o)
 .text.getSandboxDirectory
                0x0000000000000000       0x1b /opt/ps4sdk/libPS4/libPS4.a(file.o)
 .text.file_exists
                0x0000000000000000       0x23 /opt/ps4sdk/libPS4/libPS4.a(file.o)
 .text.dir_exists
                0x0000000000000000       0x28 /opt/ps4sdk/libPS4/libPS4.a(file.o)
 .text.symlink_exists
                0x0000000000000000       0x3a /opt/ps4sdk/libPS4/libPS4.a(file.o)
 .text.touch_file
                0x0000000000000000       0x23 /opt/ps4sdk/libPS4/libPS4.a(file.o)
 .text.copy_file
                0x0000000000000000       0x99 /opt/ps4sdk/libPS4/libPS4.a(file.o)
 .rodata.copy_dir.str1.1
                0x0000000000000000        0xb /opt/ps4sdk/libPS4/libPS4.a(file.o)
 .text.copy_dir
                0x0000000000000000      0x13f /opt/ps4sdk/libPS4/libPS4.a(file.o)
 .text.file_compare
                0x0000000000000000      0x176 /opt/ps4sdk/libPS4/libPS4.a(file.o)
 .text.rmtree   0x0000000000000000      0x158 /opt/ps4sdk/libPS4/libPS4.a(file.o)
 .text.fgetc_pointer
                0x0000000000000000       0x2c /opt/ps4sdk/libPS4/libPS4.a(file.o)
 .text.build_iovec
                0x0000000000000000       0xec /opt/ps4sdk/libPS4/libPS4.a(file.o)
 .rodata.mount_large_fs.str1.1
                0x0000000000000000       0x4b /opt/ps4sdk/libPS4/libPS4.a(file.o)
 .text.mount_large_fs
                0x0000000000000000      0x14e /opt/ps4sdk/libPS4/libPS4.a(file.o)
 .comment       0x0000000000000000       0x2c /opt/ps4sdk/libPS4/libPS4.a(file.o)
 .note.GNU-stack
                0x0000000000000000        0x0 /opt/ps4sdk/libPS4/libPS4.a(file.o)
 .note.gnu.property
                0x0000000000000000       0x20 /opt/ps4sdk/libPS4/libPS4.a(file.o)
 .eh_frame      0x0000000000000000      0x278 /opt/ps4sdk/libPS4/libPS4.a(file.o)
 .text          0x0000000000000000       0x60 /opt/ps4sdk/libPS4/libPS4.a(memory.o)
 .data          0x0000000000000000        0x0 /opt/ps4sdk/libPS4/libPS4.a(memory.o)
 .bss           0x0000000000000000        0x0 /opt/ps4sdk/libPS4/libPS4.a(memory.o)
 .comment       0x0000000000000000       0x2c /opt/ps4sdk/libPS4/libPS4.a(memory.o)
 .note.GNU-stack
                0x0000000000000000        0x0 /opt/ps4sdk/libPS4/libPS4.a(memory.o)
 .note.gnu.property
                0x0000000000000000       0x20 /opt/ps4sdk/libPS4/libPS4.a(memory.o)
 .text          0x0000000000000000        0x0 /opt/ps4sdk/libPS4/libPS4.a(network.o)
 .data          0x0000000000000000        0x0 /opt/ps4sdk/libPS4/libPS4.a(network.o)
 .bss           0x0000000000000000        0x0 /opt/ps4sdk/libPS4/libPS4.a(network.o)
 .rodata.initNetwork.str1.1
                0x0000000000000000      0x173 /opt/ps4sdk/libPS4/libPS4.a(network.o)
 .text.initNetwork
                0x0000000000000000      0x258 /opt/ps4sdk/libPS4/libPS4.a(network.o)
 .text.SckConnect
                0x0000000000000000       0xa9 /opt/ps4sdk/libPS4/libPS4.a(network.o)
 .text.SckClose
                0x0000000000000000        0xd /opt/ps4sdk/libPS4/libPS4.a(network.o)
 .text.SckRecv  0x0000000000000000       0xce /opt/ps4sdk/libPS4/libPS4.a(network.o)
 .text.SckRecvf
                0x0000000000000000       0x7b /opt/ps4sdk/libPS4/libPS4.a(network.o)
 .bss.sceNetCtlGetInfo
                0x0000000000000000        0x8 /opt/ps4sdk/libPS4/libPS4.a(network.o)
 .bss.sceNetCtlTerm
                0x0000000000000000        0x8 /opt/ps4sdk/libPS4/libPS4.a(network.o)
 .bss.sceNetCtlInit
                0x0000000000000000        0x8 /opt/ps4sdk/libPS4/libPS4.a(network.o)
 .bss.sceNetNtohs
                0x0000000000000000        0x8 /opt/ps4sdk/libPS4/libPS4.a(network.o)
 .bss.sceNetNtohl
                0x0000000000000000        0x8 /opt/ps4sdk/libPS4/libPS4.a(network.o)
 .bss.sceNetNtohll
                0x0000000000000000        0x8 /opt/ps4sdk/libPS4/libPS4.a(network.o)
 .bss.sceNetHtons
                0x0000000000000000        0x8 /opt/ps4sdk/libPS4/libPS4.a(network.o)
 .bss.sceNetHtonl
                0x0000000000000000        0x8 /opt/ps4sdk/libPS4/libPS4.a(network.o)
 .bss.sceNetHtonll
                0x0000000000000000        0x8 /opt/ps4sdk/libPS4/libPS4.a(network.o)
 .bss.sceNetInetPton
                0x0000000000000000        0x8 /opt/ps4sdk/libPS4/libPS4.a(network.o)
 .bss.sceNetInetNtop
                0x0000000000000000        0x8 /opt/ps4sdk/libPS4/libPS4.a(network.o)
 .bss.sceNetSetsockopt
                0x0000000000000000        0x8 /opt/ps4sdk/libPS4/libPS4.a(network.o)
 .bss.sceNetGetsockopt
                0x0000000000000000        0x8 /opt/ps4sdk/libPS4/libPS4.a(network.o)
 .bss.sceNetGetsockname
                0x0000000000000000        0x8 /opt/ps4sdk/libPS4/libPS4.a(network.o)
 .bss.sceNetSocketAbort
                0x0000000000000000        0x8 /opt/ps4sdk/libPS4/libPS4.a(network.o)
 .bss.sceNetRecv
                0x0000000000000000        0x8 /opt/ps4sdk/libPS4/libPS4.a(network.o)
 .bss.sceNetAccept
                0x0000000000000000        0x8 /opt/ps4sdk/libPS4/libPS4.a(network.o)
 .bss.sceNetListen
                0x0000000000000000        0x8 /opt/ps4sdk/libPS4/libPS4.a(network.o)
 .bss.sceNetBind
                0x0000000000000000        0x8 /opt/ps4sdk/libPS4/libPS4.a(network.o)
 .bss.sceNetConnect
                0x0000000000000000        0x8 /opt/ps4sdk/libPS4/libPS4.a(network.o)
 .bss.sceNetSocketClose
                0x0000000000000000        0x8 /opt/ps4sdk/libPS4/libPS4.a(network.o)
 .bss.sceNetSocket
                0x0000000000000000        0x8 /opt/ps4sdk/libPS4/libPS4.a(network.o)
 .bss.sceNetErrnoLoc
                0x0000000000000000        0x8 /opt/ps4sdk/libPS4/libPS4.a(network.o)
 .bss.libNetCtl
                0x0000000000000000        0x4 /opt/ps4sdk/libPS4/libPS4.a(network.o)
 .bss.libNet    0x0000000000000000        0x4 /opt/ps4sdk/libPS4/libPS4.a(network.o)
 .comment       0x0000000000000000       0x2c /opt/ps4sdk/libPS4/libPS4.a(network.o)
 .note.GNU-stack
                0x0000000000000000        0x0 /opt/ps4sdk/libPS4/libPS4.a(network.o)
 .note.gnu.property
                0x0000000000000000       0x20 /opt/ps4sdk/libPS4/libPS4.a(network.o)
 .eh_frame      0x0000000000000000      0x118 /opt/ps4sdk/libPS4/libPS4.a(network.o)

Memory Configuration

Name             Origin             Length             Attributes
*default*        0x0000000000000000 0xffffffffffffffff

Linker script and memory map

LOAD /tmp/ccsRjhNW.o
LOAD build/main.o

.text           0x0000000000000000     0x16c9
 *(.text.start)
 *(.text*)
 .text          0x0000000000000000        0x5 /tmp/ccsRjhNW.o
                0x0000000000000000                _start
 .text.sceKernelDlsym
                0x0000000000000005       0x19 build/main.o
                0x0000000000000005                sceKernelDlsym
 .text._main    0x000000000000001e       0xe2 build/main.o
                0x000000000000001e                _main
 .text          0x0000000000000100       0x24 /opt/ps4sdk/libPS4/libPS4.a(kernel.o)
                0x0000000000000100                kill
                0x000000000000010c                ioctl
                0x0000000000000118                kexec
 .text.initKernel
                0x0000000000000124      0x394 /opt/ps4sdk/libPS4/libPS4.a(kernel.o)
                0x0000000000000124                initKernel
 .text.initLibc
                0x00000000000004b8      0x5d1 /opt/ps4sdk/libPS4/libPS4.a(libc.o)
                0x00000000000004b8                initLibc
 .text          0x0000000000000a89       0x18 /opt/ps4sdk/libPS4/libPS4.a(module.o)
                0x0000000000000a89                getFunctionAddressByName
                0x0000000000000a95                getLoadedModules
 .text.loadModule
                0x0000000000000aa1       0x1e /opt/ps4sdk/libPS4/libPS4.a(module.o)
                0x0000000000000aa1                loadModule
 .text.unloadModule
                0x0000000000000abf       0x19 /opt/ps4sdk/libPS4/libPS4.a(module.o)
                0x0000000000000abf                unloadModule
 .text.kpayload_jailbreak
                0x0000000000000ad8      0x6e1 /opt/ps4sdk/libPS4/libPS4.a(payload_utils.o)
                0x0000000000000ad8                kpayload_jailbreak
 .text.is_jailbroken
                0x00000000000011b9       0x3a /opt/ps4sdk/libPS4/libPS4.a(payload_utils.o)
                0x00000000000011b9                is_jailbroken
 .text.get_firmware
                0x00000000000011f3      0x191 /opt/ps4sdk/libPS4/libPS4.a(payload_utils.o)
                0x00000000000011f3                get_firmware
 .text.jailbreak
                0x0000000000001384       0x39 /opt/ps4sdk/libPS4/libPS4.a(payload_utils.o)
                0x0000000000001384                jailbreak
 .text.initPthread
                0x00000000000013bd      0x13b /opt/ps4sdk/libPS4/libPS4.a(pthread.o)
                0x00000000000013bd                initPthread
 .text.initSysUtil
                0x00000000000014f8       0x86 /opt/ps4sdk/libPS4/libPS4.a(sysutil.o)
                0x00000000000014f8                initSysUtil
 .text          0x000000000000157e       0x2e /opt/ps4sdk/libPS4/libPS4.a(syscall.o)
                0x000000000000157e                syscall
                0x0000000000001581                syscall_macro
 .text          0x00000000000015ac      0x108 /opt/ps4sdk/libPS4/libPS4.a(file.o)
                0x00000000000015ac                read
                0x00000000000015b8                write
                0x00000000000015c4                open
                0x00000000000015d0                close
                0x00000000000015dc                unlink
                0x00000000000015e8                link
                0x00000000000015f4                readlink
                0x0000000000001600                symlink
                0x000000000000160c                mount
                0x0000000000001618                nmount
                0x0000000000001624                unmount
                0x0000000000001630                fchown
                0x000000000000163c                fchmod
                0x0000000000001648                rename
                0x0000000000001654                mkdir
                0x0000000000001660                rmdir
                0x000000000000166c                stat
                0x0000000000001678                fstat
                0x0000000000001684                lstat
                0x0000000000001690                getdents
                0x000000000000169c                lseek
                0x00000000000016a8                fstatat
 .text.SckSend  0x00000000000016b4       0x15 /opt/ps4sdk/libPS4/libPS4.a(network.o)
                0x00000000000016b4                SckSend

.plt            0x00000000000016d0        0x0
 .plt           0x00000000000016d0        0x0 /tmp/ccsRjhNW.o

.plt.got        0x00000000000016d0        0x0
 .plt.got       0x00000000000016d0        0x0 /tmp/ccsRjhNW.o

.rodata         0x00000000000016cc      0x753
 *(.rodata)
 *(.rodata*)
 .rodata._main.str1.1
                0x00000000000016cc       0x3d build/main.o
 .rodata.initKernel.str1.1
                0x0000000000001709      0x2d4 /opt/ps4sdk/libPS4/libPS4.a(kernel.o)
 .rodata.initLibc.str1.1
                0x00000000000019dd      0x1f8 /opt/ps4sdk/libPS4/libPS4.a(libc.o)
                                        0x216 (size before relaxing)
 .rodata.kpayload_kbase.str1.1
                0x0000000000001bd5       0x15 /opt/ps4sdk/libPS4/libPS4.a(payload_utils.o)
 *fill*         0x0000000000001bea        0x2 
 .rodata.kpayload_jailbreak
                0x0000000000001bec       0x50 /opt/ps4sdk/libPS4/libPS4.a(payload_utils.o)
 .rodata.is_jailbroken.str1.1
                0x0000000000001c3c       0x11 /opt/ps4sdk/libPS4/libPS4.a(payload_utils.o)
 .rodata.get_firmware.str1.1
                0x0000000000001c4d       0x41 /opt/ps4sdk/libPS4/libPS4.a(payload_utils.o)
 .rodata.initPthread.str1.1
                0x0000000000001c8e       0xf5 /opt/ps4sdk/libPS4/libPS4.a(pthread.o)
 .rodata.initSysUtil.str1.1
                0x0000000000001d83       0x9c /opt/ps4sdk/libPS4/libPS4.a(sysutil.o)

.gnu.version_d  0x0000000000001e20        0x0
 .gnu.version_d
                0x0000000000001e20        0x0 /tmp/ccsRjhNW.o

.gnu.version    0x0000000000001e20        0x0
 .gnu.version   0x0000000000001e20        0x0 /tmp/ccsRjhNW.o

.gnu.version_r  0x0000000000001e20        0x0
 .gnu.version_r
                0x0000000000001e20        0x0 /tmp/ccsRjhNW.o

.dynsym         0x0000000000001e20       0x18
 .dynsym        0x0000000000001e20       0x18 /tmp/ccsRjhNW.o

.dynstr         0x0000000000001e38        0x1
 .dynstr        0x0000000000001e38        0x1 /tmp/ccsRjhNW.o

.gnu.hash       0x0000000000001e40       0x1c
 .gnu.hash      0x0000000000001e40       0x1c /tmp/ccsRjhNW.o

.eh_frame_hdr   0x0000000000001e5c        0x0
 .eh_frame_hdr  0x0000000000001e5c        0x0 build/main.o

.rela.dyn       0x0000000000001e60        0x0
 .rela.plt      0x0000000000001e60        0x0 /tmp/ccsRjhNW.o
 .rela.got      0x0000000000001e60        0x0 /tmp/ccsRjhNW.o
 .rela.bss      0x0000000000001e60        0x0 /tmp/ccsRjhNW.o
 .rela.data.rel.ro
                0x0000000000001e60        0x0 /tmp/ccsRjhNW.o
 .rela.ifunc    0x0000000000001e60        0x0 /tmp/ccsRjhNW.o

.data
 *(.data)

.dynamic        0x0000000000001e60       0xe0
 .dynamic       0x0000000000001e60       0xe0 /tmp/ccsRjhNW.o
                0x0000000000001e60                _DYNAMIC

.got            0x0000000000001f40        0x0
 .got           0x0000000000001f40        0x0 /tmp/ccsRjhNW.o

.got.plt        0x0000000000001f40        0x0
 .got.plt       0x0000000000001f40        0x0 /tmp/ccsRjhNW.o

.data.rel.ro    0x0000000000001f40        0x0
 .data.rel.ro   0x0000000000001f40        0x0 /tmp/ccsRjhNW.o

.data.DEBUG_SOCK
                0x0000000000001f40        0x4
 .data.DEBUG_SOCK
                0x0000000000001f40        0x4 /opt/ps4sdk/libPS4/libPS4.a(debug.o)
                0x0000000000001f40                DEBUG_SOCK

.bss
 *(.bss)

.dynbss         0x0000000000001f44        0x0
 .dynbss        0x0000000000001f44        0x0 /tmp/ccsRjhNW.o

.bss.unload     0x0000000000001f48        0x8
 .bss.unload    0x0000000000001f48        0x8 build/main.o

.bss._init      0x0000000000001f50        0x8
 .bss._init     0x0000000000001f50        0x8 build/main.o

.bss.sceKernelGetCpuTemperature
                0x0000000000001f58        0x8
 .bss.sceKernelGetCpuTemperature
                0x0000000000001f58        0x8 /opt/ps4sdk/libPS4/libPS4.a(kernel.o)
                0x0000000000001f58                sceKernelGetCpuTemperature

.bss.sceKernelGetSystemSwVersion
                0x0000000000001f60        0x8
 .bss.sceKernelGetSystemSwVersion
                0x0000000000001f60        0x8 /opt/ps4sdk/libPS4/libPS4.a(kernel.o)
                0x0000000000001f60                sceKernelGetSystemSwVersion

.bss.sceKernelGetFsSandboxRandomWord
                0x0000000000001f68        0x8
 .bss.sceKernelGetFsSandboxRandomWord
                0x0000000000001f68        0x8 /opt/ps4sdk/libPS4/libPS4.a(kernel.o)
                0x0000000000001f68                sceKernelGetFsSandboxRandomWord

.bss.sceKernelSendNotificationRequest
                0x0000000000001f70        0x8
 .bss.sceKernelSendNotificationRequest
                0x0000000000001f70        0x8 /opt/ps4sdk/libPS4/libPS4.a(kernel.o)
                0x0000000000001f70                sceKernelSendNotificationRequest

.bss.setregid   0x0000000000001f78        0x8
 .bss.setregid  0x0000000000001f78        0x8 /opt/ps4sdk/libPS4/libPS4.a(kernel.o)
                0x0000000000001f78                setregid

.bss.setreuid   0x0000000000001f80        0x8
 .bss.setreuid  0x0000000000001f80        0x8 /opt/ps4sdk/libPS4/libPS4.a(kernel.o)
                0x0000000000001f80                setreuid

.bss.setgid     0x0000000000001f88        0x8
 .bss.setgid    0x0000000000001f88        0x8 /opt/ps4sdk/libPS4/libPS4.a(kernel.o)
                0x0000000000001f88                setgid

.bss.setuid     0x0000000000001f90        0x8
 .bss.setuid    0x0000000000001f90        0x8 /opt/ps4sdk/libPS4/libPS4.a(kernel.o)
                0x0000000000001f90                setuid

.bss.getpid     0x0000000000001f98        0x8
 .bss.getpid    0x0000000000001f98        0x8 /opt/ps4sdk/libPS4/libPS4.a(kernel.o)
                0x0000000000001f98                getpid

.bss.getgid     0x0000000000001fa0        0x8
 .bss.getgid    0x0000000000001fa0        0x8 /opt/ps4sdk/libPS4/libPS4.a(kernel.o)
                0x0000000000001fa0                getgid

.bss.getuid     0x0000000000001fa8        0x8
 .bss.getuid    0x0000000000001fa8        0x8 /opt/ps4sdk/libPS4/libPS4.a(kernel.o)
                0x0000000000001fa8                getuid

.bss.sceKernelAddReadEvent
                0x0000000000001fb0        0x8
 .bss.sceKernelAddReadEvent
                0x0000000000001fb0        0x8 /opt/ps4sdk/libPS4/libPS4.a(kernel.o)
                0x0000000000001fb0                sceKernelAddReadEvent

.bss.sceKernelAddUserEvent
                0x0000000000001fb8        0x8
 .bss.sceKernelAddUserEvent
                0x0000000000001fb8        0x8 /opt/ps4sdk/libPS4/libPS4.a(kernel.o)
                0x0000000000001fb8                sceKernelAddUserEvent

.bss.sceKernelDeleteEqueue
                0x0000000000001fc0        0x8
 .bss.sceKernelDeleteEqueue
                0x0000000000001fc0        0x8 /opt/ps4sdk/libPS4/libPS4.a(kernel.o)
                0x0000000000001fc0                sceKernelDeleteEqueue

.bss.sceKernelCreateEqueue
                0x0000000000001fc8        0x8
 .bss.sceKernelCreateEqueue
                0x0000000000001fc8        0x8 /opt/ps4sdk/libPS4/libPS4.a(kernel.o)
                0x0000000000001fc8                sceKernelCreateEqueue

.bss.pthread_setaffinity_np
                0x0000000000001fd0        0x8
 .bss.pthread_setaffinity_np
                0x0000000000001fd0        0x8 /opt/ps4sdk/libPS4/libPS4.a(kernel.o)
                0x0000000000001fd0                pthread_setaffinity_np

.bss.pthread_self
                0x0000000000001fd8        0x8
 .bss.pthread_self
                0x0000000000001fd8        0x8 /opt/ps4sdk/libPS4/libPS4.a(kernel.o)
                0x0000000000001fd8                pthread_self

.bss.execve     0x0000000000001fe0        0x8
 .bss.execve    0x0000000000001fe0        0x8 /opt/ps4sdk/libPS4/libPS4.a(kernel.o)
                0x0000000000001fe0                execve

.bss.sysarch    0x0000000000001fe8        0x8
 .bss.sysarch   0x0000000000001fe8        0x8 /opt/ps4sdk/libPS4/libPS4.a(kernel.o)
                0x0000000000001fe8                sysarch

.bss.sysctlbyname
                0x0000000000001ff0        0x8
 .bss.sysctlbyname
                0x0000000000001ff0        0x8 /opt/ps4sdk/libPS4/libPS4.a(kernel.o)
                0x0000000000001ff0                sysctlbyname

.bss.sysctl     0x0000000000001ff8        0x8
 .bss.sysctl    0x0000000000001ff8        0x8 /opt/ps4sdk/libPS4/libPS4.a(kernel.o)
                0x0000000000001ff8                sysctl

.bss.sceKernelGetCurrentCpu
                0x0000000000002000        0x8
 .bss.sceKernelGetCurrentCpu
                0x0000000000002000        0x8 /opt/ps4sdk/libPS4/libPS4.a(kernel.o)
                0x0000000000002000                sceKernelGetCurrentCpu

.bss.sceKernelGetProcessTime
                0x0000000000002008        0x8
 .bss.sceKernelGetProcessTime
                0x0000000000002008        0x8 /opt/ps4sdk/libPS4/libPS4.a(kernel.o)
                0x0000000000002008                sceKernelGetProcessTime

.bss.sceKernelGettimeofday
                0x0000000000002010        0x8
 .bss.sceKernelGettimeofday
                0x0000000000002010        0x8 /opt/ps4sdk/libPS4/libPS4.a(kernel.o)
                0x0000000000002010                sceKernelGettimeofday

.bss.sceKernelUsleep
                0x0000000000002018        0x8
 .bss.sceKernelUsleep
                0x0000000000002018        0x8 /opt/ps4sdk/libPS4/libPS4.a(kernel.o)
                0x0000000000002018                sceKernelUsleep

.bss.sceKernelSleep
                0x0000000000002020        0x8
 .bss.sceKernelSleep
                0x0000000000002020        0x8 /opt/ps4sdk/libPS4/libPS4.a(kernel.o)
                0x0000000000002020                sceKernelSleep

.bss.sceKernelClose
                0x0000000000002028        0x8
 .bss.sceKernelClose
                0x0000000000002028        0x8 /opt/ps4sdk/libPS4/libPS4.a(kernel.o)
                0x0000000000002028                sceKernelClose

.bss.sceKernelLseek
                0x0000000000002030        0x8
 .bss.sceKernelLseek
                0x0000000000002030        0x8 /opt/ps4sdk/libPS4/libPS4.a(kernel.o)
                0x0000000000002030                sceKernelLseek

.bss.sceKernelRead
                0x0000000000002038        0x8
 .bss.sceKernelRead
                0x0000000000002038        0x8 /opt/ps4sdk/libPS4/libPS4.a(kernel.o)
                0x0000000000002038                sceKernelRead

.bss.sceKernelOpen
                0x0000000000002040        0x8
 .bss.sceKernelOpen
                0x0000000000002040        0x8 /opt/ps4sdk/libPS4/libPS4.a(kernel.o)
                0x0000000000002040                sceKernelOpen

.bss.sceKernelStat
                0x0000000000002048        0x8
 .bss.sceKernelStat
                0x0000000000002048        0x8 /opt/ps4sdk/libPS4/libPS4.a(kernel.o)
                0x0000000000002048                sceKernelStat

.bss.sceKernelGetDirectMemorySize
                0x0000000000002050        0x8
 .bss.sceKernelGetDirectMemorySize
                0x0000000000002050        0x8 /opt/ps4sdk/libPS4/libPS4.a(kernel.o)
                0x0000000000002050                sceKernelGetDirectMemorySize

.bss.sceKernelMapDirectMemory
                0x0000000000002058        0x8
 .bss.sceKernelMapDirectMemory
                0x0000000000002058        0x8 /opt/ps4sdk/libPS4/libPS4.a(kernel.o)
                0x0000000000002058                sceKernelMapDirectMemory

.bss.sceKernelAllocateDirectMemory
                0x0000000000002060        0x8
 .bss.sceKernelAllocateDirectMemory
                0x0000000000002060        0x8 /opt/ps4sdk/libPS4/libPS4.a(kernel.o)
                0x0000000000002060                sceKernelAllocateDirectMemory

.bss.sceKernelLoadStartModule
                0x0000000000002068        0x8
 .bss.sceKernelLoadStartModule
                0x0000000000002068        0x8 /opt/ps4sdk/libPS4/libPS4.a(kernel.o)
                0x0000000000002068                sceKernelLoadStartModule

.bss.sceKernelError
                0x0000000000002070        0x8
 .bss.sceKernelError
                0x0000000000002070        0x8 /opt/ps4sdk/libPS4/libPS4.a(kernel.o)
                0x0000000000002070                sceKernelError

.bss.__error    0x0000000000002078        0x8
 .bss.__error   0x0000000000002078        0x8 /opt/ps4sdk/libPS4/libPS4.a(kernel.o)
                0x0000000000002078                __error

.bss.__stack_chk_fail
                0x0000000000002080        0x8
 .bss.__stack_chk_fail
                0x0000000000002080        0x8 /opt/ps4sdk/libPS4/libPS4.a(kernel.o)
                0x0000000000002080                __stack_chk_fail

.bss.__stack_chk_guard
                0x0000000000002088        0x8
 .bss.__stack_chk_guard
                0x0000000000002088        0x8 /opt/ps4sdk/libPS4/libPS4.a(kernel.o)
                0x0000000000002088                __stack_chk_guard

.bss.libKernelHandle
                0x0000000000002090        0x4
 .bss.libKernelHandle
                0x0000000000002090        0x4 /opt/ps4sdk/libPS4/libPS4.a(kernel.o)
                0x0000000000002090                libKernelHandle

.bss.fprintf    0x0000000000002098        0x8
 .bss.fprintf   0x0000000000002098        0x8 /opt/ps4sdk/libPS4/libPS4.a(libc.o)
                0x0000000000002098                fprintf

.bss.fclose     0x00000000000020a0        0x8
 .bss.fclose    0x00000000000020a0        0x8 /opt/ps4sdk/libPS4/libPS4.a(libc.o)
                0x00000000000020a0                fclose

.bss.ftell      0x00000000000020a8        0x8
 .bss.ftell     0x00000000000020a8        0x8 /opt/ps4sdk/libPS4/libPS4.a(libc.o)
                0x00000000000020a8                ftell

.bss.fseek      0x00000000000020b0        0x8
 .bss.fseek     0x00000000000020b0        0x8 /opt/ps4sdk/libPS4/libPS4.a(libc.o)
                0x00000000000020b0                fseek

.bss.fwrite     0x00000000000020b8        0x8
 .bss.fwrite    0x00000000000020b8        0x8 /opt/ps4sdk/libPS4/libPS4.a(libc.o)
                0x00000000000020b8                fwrite

.bss.fread      0x00000000000020c0        0x8
 .bss.fread     0x00000000000020c0        0x8 /opt/ps4sdk/libPS4/libPS4.a(libc.o)
                0x00000000000020c0                fread

.bss.fopen      0x00000000000020c8        0x8
 .bss.fopen     0x00000000000020c8        0x8 /opt/ps4sdk/libPS4/libPS4.a(libc.o)
                0x00000000000020c8                fopen

.bss.getprogname
                0x00000000000020d0        0x8
 .bss.getprogname
                0x00000000000020d0        0x8 /opt/ps4sdk/libPS4/libPS4.a(libc.o)
                0x00000000000020d0                getprogname

.bss.dirfd      0x00000000000020d8        0x8
 .bss.dirfd     0x00000000000020d8        0x8 /opt/ps4sdk/libPS4/libPS4.a(libc.o)
                0x00000000000020d8                dirfd

.bss.closedir   0x00000000000020e0        0x8
 .bss.closedir  0x00000000000020e0        0x8 /opt/ps4sdk/libPS4/libPS4.a(libc.o)
                0x00000000000020e0                closedir

.bss.rewinddir  0x00000000000020e8        0x8
 .bss.rewinddir
                0x00000000000020e8        0x8 /opt/ps4sdk/libPS4/libPS4.a(libc.o)
                0x00000000000020e8                rewinddir

.bss.seekdir    0x00000000000020f0        0x8
 .bss.seekdir   0x00000000000020f0        0x8 /opt/ps4sdk/libPS4/libPS4.a(libc.o)
                0x00000000000020f0                seekdir

.bss.telldir    0x00000000000020f8        0x8
 .bss.telldir   0x00000000000020f8        0x8 /opt/ps4sdk/libPS4/libPS4.a(libc.o)
                0x00000000000020f8                telldir

.bss.readdir_r  0x0000000000002100        0x8
 .bss.readdir_r
                0x0000000000002100        0x8 /opt/ps4sdk/libPS4/libPS4.a(libc.o)
                0x0000000000002100                readdir_r

.bss.readdir    0x0000000000002108        0x8
 .bss.readdir   0x0000000000002108        0x8 /opt/ps4sdk/libPS4/libPS4.a(libc.o)
                0x0000000000002108                readdir

.bss.opendir    0x0000000000002110        0x8
 .bss.opendir   0x0000000000002110        0x8 /opt/ps4sdk/libPS4/libPS4.a(libc.o)
                0x0000000000002110                opendir

.bss.mktime     0x0000000000002118        0x8
 .bss.mktime    0x0000000000002118        0x8 /opt/ps4sdk/libPS4/libPS4.a(libc.o)
                0x0000000000002118                mktime

.bss.localtime_r
                0x0000000000002120        0x8
 .bss.localtime_r
                0x0000000000002120        0x8 /opt/ps4sdk/libPS4/libPS4.a(libc.o)
                0x0000000000002120                localtime_r

.bss.localtime  0x0000000000002128        0x8
 .bss.localtime
                0x0000000000002128        0x8 /opt/ps4sdk/libPS4/libPS4.a(libc.o)
                0x0000000000002128                localtime

.bss.gmtime_s   0x0000000000002130        0x8
 .bss.gmtime_s  0x0000000000002130        0x8 /opt/ps4sdk/libPS4/libPS4.a(libc.o)
                0x0000000000002130                gmtime_s

.bss.gmtime     0x0000000000002138        0x8
 .bss.gmtime    0x0000000000002138        0x8 /opt/ps4sdk/libPS4/libPS4.a(libc.o)
                0x0000000000002138                gmtime

.bss.time       0x0000000000002140        0x8
 .bss.time      0x0000000000002140        0x8 /opt/ps4sdk/libPS4/libPS4.a(libc.o)
                0x0000000000002140                time

.bss.ctime_r    0x0000000000002148        0x8
 .bss.ctime_r   0x0000000000002148        0x8 /opt/ps4sdk/libPS4/libPS4.a(libc.o)
                0x0000000000002148                ctime_r

.bss.ctime      0x0000000000002150        0x8
 .bss.ctime     0x0000000000002150        0x8 /opt/ps4sdk/libPS4/libPS4.a(libc.o)
                0x0000000000002150                ctime

.bss.asctime_r  0x0000000000002158        0x8
 .bss.asctime_r
                0x0000000000002158        0x8 /opt/ps4sdk/libPS4/libPS4.a(libc.o)
                0x0000000000002158                asctime_r

.bss.asctime    0x0000000000002160        0x8
 .bss.asctime   0x0000000000002160        0x8 /opt/ps4sdk/libPS4/libPS4.a(libc.o)
                0x0000000000002160                asctime

.bss.rand       0x0000000000002168        0x8
 .bss.rand      0x0000000000002168        0x8 /opt/ps4sdk/libPS4/libPS4.a(libc.o)
                0x0000000000002168                rand

.bss.srand      0x0000000000002170        0x8
 .bss.srand     0x0000000000002170        0x8 /opt/ps4sdk/libPS4/libPS4.a(libc.o)
                0x0000000000002170                srand

.bss.ceil       0x0000000000002178        0x8
 .bss.ceil      0x0000000000002178        0x8 /opt/ps4sdk/libPS4/libPS4.a(libc.o)
                0x0000000000002178                ceil

.bss.bcopy      0x0000000000002180        0x8
 .bss.bcopy     0x0000000000002180        0x8 /opt/ps4sdk/libPS4/libPS4.a(libc.o)
                0x0000000000002180                bcopy

.bss._Stoul     0x0000000000002188        0x8
 .bss._Stoul    0x0000000000002188        0x8 /opt/ps4sdk/libPS4/libPS4.a(libc.o)
                0x0000000000002188                _Stoul

.bss._Getpctype
                0x0000000000002190        0x8
 .bss._Getpctype
                0x0000000000002190        0x8 /opt/ps4sdk/libPS4/libPS4.a(libc.o)
                0x0000000000002190                _Getpctype

.bss.strerror   0x0000000000002198        0x8
 .bss.strerror  0x0000000000002198        0x8 /opt/ps4sdk/libPS4/libPS4.a(libc.o)
                0x0000000000002198                strerror

.bss.strlcpy    0x00000000000021a0        0x8
 .bss.strlcpy   0x00000000000021a0        0x8 /opt/ps4sdk/libPS4/libPS4.a(libc.o)
                0x00000000000021a0                strlcpy

.bss.atof       0x00000000000021a8        0x8
 .bss.atof      0x00000000000021a8        0x8 /opt/ps4sdk/libPS4/libPS4.a(libc.o)
                0x00000000000021a8                atof

.bss.atoi       0x00000000000021b0        0x8
 .bss.atoi      0x00000000000021b0        0x8 /opt/ps4sdk/libPS4/libPS4.a(libc.o)
                0x00000000000021b0                atoi

.bss.isdigit    0x00000000000021b8        0x8
 .bss.isdigit   0x00000000000021b8        0x8 /opt/ps4sdk/libPS4/libPS4.a(libc.o)
                0x00000000000021b8                isdigit

.bss.rindex     0x00000000000021c0        0x8
 .bss.rindex    0x00000000000021c0        0x8 /opt/ps4sdk/libPS4/libPS4.a(libc.o)
                0x00000000000021c0                rindex

.bss.index      0x00000000000021c8        0x8
 .bss.index     0x00000000000021c8        0x8 /opt/ps4sdk/libPS4/libPS4.a(libc.o)
                0x00000000000021c8                index

.bss.strdup     0x00000000000021d0        0x8
 .bss.strdup    0x00000000000021d0        0x8 /opt/ps4sdk/libPS4/libPS4.a(libc.o)
                0x00000000000021d0                strdup

.bss.strstr     0x00000000000021d8        0x8
 .bss.strstr    0x00000000000021d8        0x8 /opt/ps4sdk/libPS4/libPS4.a(libc.o)
                0x00000000000021d8                strstr

.bss.strrchr    0x00000000000021e0        0x8
 .bss.strrchr   0x00000000000021e0        0x8 /opt/ps4sdk/libPS4/libPS4.a(libc.o)
                0x00000000000021e0                strrchr

.bss.strchr     0x00000000000021e8        0x8
 .bss.strchr    0x00000000000021e8        0x8 /opt/ps4sdk/libPS4/libPS4.a(libc.o)
                0x00000000000021e8                strchr

.bss.strtok     0x00000000000021f0        0x8
 .bss.strtok    0x00000000000021f0        0x8 /opt/ps4sdk/libPS4/libPS4.a(libc.o)
                0x00000000000021f0                strtok

.bss.strtol     0x00000000000021f8        0x8
 .bss.strtol    0x00000000000021f8        0x8 /opt/ps4sdk/libPS4/libPS4.a(libc.o)
                0x00000000000021f8                strtol

.bss.sscanf     0x0000000000002200        0x8
 .bss.sscanf    0x0000000000002200        0x8 /opt/ps4sdk/libPS4/libPS4.a(libc.o)
                0x0000000000002200                sscanf

.bss.snprintf_s
                0x0000000000002208        0x8
 .bss.snprintf_s
                0x0000000000002208        0x8 /opt/ps4sdk/libPS4/libPS4.a(libc.o)
                0x0000000000002208                snprintf_s

.bss.snprintf   0x0000000000002210        0x8
 .bss.snprintf  0x0000000000002210        0x8 /opt/ps4sdk/libPS4/libPS4.a(libc.o)
                0x0000000000002210                snprintf

.bss.sprintf    0x0000000000002218        0x8
 .bss.sprintf   0x0000000000002218        0x8 /opt/ps4sdk/libPS4/libPS4.a(libc.o)
                0x0000000000002218                sprintf

.bss.strncmp    0x0000000000002220        0x8
 .bss.strncmp   0x0000000000002220        0x8 /opt/ps4sdk/libPS4/libPS4.a(libc.o)
                0x0000000000002220                strncmp

.bss.strcmp     0x0000000000002228        0x8
 .bss.strcmp    0x0000000000002228        0x8 /opt/ps4sdk/libPS4/libPS4.a(libc.o)
                0x0000000000002228                strcmp

.bss.strlen     0x0000000000002230        0x8
 .bss.strlen    0x0000000000002230        0x8 /opt/ps4sdk/libPS4/libPS4.a(libc.o)
                0x0000000000002230                strlen

.bss.strncat    0x0000000000002238        0x8
 .bss.strncat   0x0000000000002238        0x8 /opt/ps4sdk/libPS4/libPS4.a(libc.o)
                0x0000000000002238                strncat

.bss.strcat     0x0000000000002240        0x8
 .bss.strcat    0x0000000000002240        0x8 /opt/ps4sdk/libPS4/libPS4.a(libc.o)
                0x0000000000002240                strcat

.bss.strncpy_s  0x0000000000002248        0x8
 .bss.strncpy_s
                0x0000000000002248        0x8 /opt/ps4sdk/libPS4/libPS4.a(libc.o)
                0x0000000000002248                strncpy_s

.bss.strncpy    0x0000000000002250        0x8
 .bss.strncpy   0x0000000000002250        0x8 /opt/ps4sdk/libPS4/libPS4.a(libc.o)
                0x0000000000002250                strncpy

.bss.strcpy     0x0000000000002258        0x8
 .bss.strcpy    0x0000000000002258        0x8 /opt/ps4sdk/libPS4/libPS4.a(libc.o)
                0x0000000000002258                strcpy

.bss.memmove_s  0x0000000000002260        0x8
 .bss.memmove_s
                0x0000000000002260        0x8 /opt/ps4sdk/libPS4/libPS4.a(libc.o)
                0x0000000000002260                memmove_s

.bss.memmove    0x0000000000002268        0x8
 .bss.memmove   0x0000000000002268        0x8 /opt/ps4sdk/libPS4/libPS4.a(libc.o)
                0x0000000000002268                memmove

.bss.memcmp     0x0000000000002270        0x8
 .bss.memcmp    0x0000000000002270        0x8 /opt/ps4sdk/libPS4/libPS4.a(libc.o)
                0x0000000000002270                memcmp

.bss.memcpy     0x0000000000002278        0x8
 .bss.memcpy    0x0000000000002278        0x8 /opt/ps4sdk/libPS4/libPS4.a(libc.o)
                0x0000000000002278                memcpy

.bss.memset     0x0000000000002280        0x8
 .bss.memset    0x0000000000002280        0x8 /opt/ps4sdk/libPS4/libPS4.a(libc.o)
                0x0000000000002280                memset

.bss.memalign   0x0000000000002288        0x8
 .bss.memalign  0x0000000000002288        0x8 /opt/ps4sdk/libPS4/libPS4.a(libc.o)
                0x0000000000002288                memalign

.bss.realloc    0x0000000000002290        0x8
 .bss.realloc   0x0000000000002290        0x8 /opt/ps4sdk/libPS4/libPS4.a(libc.o)
                0x0000000000002290                realloc

.bss.calloc     0x0000000000002298        0x8
 .bss.calloc    0x0000000000002298        0x8 /opt/ps4sdk/libPS4/libPS4.a(libc.o)
                0x0000000000002298                calloc

.bss.free       0x00000000000022a0        0x8
 .bss.free      0x00000000000022a0        0x8 /opt/ps4sdk/libPS4/libPS4.a(libc.o)
                0x00000000000022a0                free

.bss.malloc     0x00000000000022a8        0x8
 .bss.malloc    0x00000000000022a8        0x8 /opt/ps4sdk/libPS4/libPS4.a(libc.o)
                0x00000000000022a8                malloc

.bss.libc       0x00000000000022b0        0x4
 .bss.libc      0x00000000000022b0        0x4 /opt/ps4sdk/libPS4/libPS4.a(libc.o)
                0x00000000000022b0                libc

.bss.g_firmware
                0x00000000000022b4        0x2
 .bss.g_firmware
                0x00000000000022b4        0x2 /opt/ps4sdk/libPS4/libPS4.a(payload_utils.o)
                0x00000000000022b4                g_firmware

.bss.scePthreadMutexUnlock
                0x00000000000022b8        0x8
 .bss.scePthreadMutexUnlock
                0x00000000000022b8        0x8 /opt/ps4sdk/libPS4/libPS4.a(pthread.o)
                0x00000000000022b8                scePthreadMutexUnlock

.bss.scePthreadMutexTimedlock
                0x00000000000022c0        0x8
 .bss.scePthreadMutexTimedlock
                0x00000000000022c0        0x8 /opt/ps4sdk/libPS4/libPS4.a(pthread.o)
                0x00000000000022c0                scePthreadMutexTimedlock

.bss.scePthreadMutexTrylock
                0x00000000000022c8        0x8
 .bss.scePthreadMutexTrylock
                0x00000000000022c8        0x8 /opt/ps4sdk/libPS4/libPS4.a(pthread.o)
                0x00000000000022c8                scePthreadMutexTrylock

.bss.scePthreadMutexLock
                0x00000000000022d0        0x8
 .bss.scePthreadMutexLock
                0x00000000000022d0        0x8 /opt/ps4sdk/libPS4/libPS4.a(pthread.o)
                0x00000000000022d0                scePthreadMutexLock

.bss.scePthreadMutexDestroy
                0x00000000000022d8        0x8
 .bss.scePthreadMutexDestroy
                0x00000000000022d8        0x8 /opt/ps4sdk/libPS4/libPS4.a(pthread.o)
                0x00000000000022d8                scePthreadMutexDestroy

.bss.scePthreadMutexInit
                0x00000000000022e0        0x8
 .bss.scePthreadMutexInit
                0x00000000000022e0        0x8 /opt/ps4sdk/libPS4/libPS4.a(pthread.o)
                0x00000000000022e0                scePthreadMutexInit

.bss.scePthreadCancel
                0x00000000000022e8        0x8
 .bss.scePthreadCancel
                0x00000000000022e8        0x8 /opt/ps4sdk/libPS4/libPS4.a(pthread.o)
                0x00000000000022e8                scePthreadCancel

.bss.scePthreadSelf
                0x00000000000022f0        0x8
 .bss.scePthreadSelf
                0x00000000000022f0        0x8 /opt/ps4sdk/libPS4/libPS4.a(pthread.o)
                0x00000000000022f0                scePthreadSelf

.bss.scePthreadYield
                0x00000000000022f8        0x8
 .bss.scePthreadYield
                0x00000000000022f8        0x8 /opt/ps4sdk/libPS4/libPS4.a(pthread.o)
                0x00000000000022f8                scePthreadYield

.bss.scePthreadJoin
                0x0000000000002300        0x8
 .bss.scePthreadJoin
                0x0000000000002300        0x8 /opt/ps4sdk/libPS4/libPS4.a(pthread.o)
                0x0000000000002300                scePthreadJoin

.bss.scePthreadDetach
                0x0000000000002308        0x8
 .bss.scePthreadDetach
                0x0000000000002308        0x8 /opt/ps4sdk/libPS4/libPS4.a(pthread.o)
                0x0000000000002308                scePthreadDetach

.bss.scePthreadExit
                0x0000000000002310        0x8
 .bss.scePthreadExit
                0x0000000000002310        0x8 /opt/ps4sdk/libPS4/libPS4.a(pthread.o)
                0x0000000000002310                scePthreadExit

.bss.scePthreadCreate
                0x0000000000002318        0x8
 .bss.scePthreadCreate
                0x0000000000002318        0x8 /opt/ps4sdk/libPS4/libPS4.a(pthread.o)
                0x0000000000002318                scePthreadCreate

.bss.libPthread
                0x0000000000002320        0x4
 .bss.libPthread
                0x0000000000002320        0x4 /opt/ps4sdk/libPS4/libPS4.a(pthread.o)
                0x0000000000002320                libPthread

.bss.sceSystemServiceLaunchWebBrowser
                0x0000000000002328        0x8
 .bss.sceSystemServiceLaunchWebBrowser
                0x0000000000002328        0x8 /opt/ps4sdk/libPS4/libPS4.a(sysutil.o)
                0x0000000000002328                sceSystemServiceLaunchWebBrowser

.bss.sceSysUtilSendSystemNotificationWithText
                0x0000000000002330        0x8
 .bss.sceSysUtilSendSystemNotificationWithText
                0x0000000000002330        0x8 /opt/ps4sdk/libPS4/libPS4.a(sysutil.o)
                0x0000000000002330                sceSysUtilSendSystemNotificationWithText

.bss.libSceSystemService
                0x0000000000002338        0x4
 .bss.libSceSystemService
                0x0000000000002338        0x4 /opt/ps4sdk/libPS4/libPS4.a(sysutil.o)
                0x0000000000002338                libSceSystemService

.bss.sysUtilHandle
                0x000000000000233c        0x4
 .bss.sysUtilHandle
                0x000000000000233c        0x4 /opt/ps4sdk/libPS4/libPS4.a(sysutil.o)
                0x000000000000233c                sysUtilHandle

.bss.sceNetSend
                0x0000000000002340        0x8
 .bss.sceNetSend
                0x0000000000002340        0x8 /opt/ps4sdk/libPS4/libPS4.a(network.o)
                0x0000000000002340                sceNetSend

/DISCARD/
 *(.comment)
 *(.note.GNU-stack)
 *(.eh_frame)
 *(.interp)
LOAD /opt/ps4sdk/libPS4/libPS4.a
OUTPUT(temp.t elf64-x86-64)
