Archive member included to satisfy reference by file (symbol)

/opt/ps4sdk/libPS4/libPS4.a(kernel.o)
                              build/main.o (initKernel)
/opt/ps4sdk/libPS4/libPS4.a(module.o)
                              /opt/ps4sdk/libPS4/libPS4.a(kernel.o) (getFunctionAddressByName)
/opt/ps4sdk/libPS4/libPS4.a(syscall.o)
                              build/main.o (syscall)

Merging program properties

Removed property 0xc0000002 to merge build/main.o (0x3) and /tmp/cclYQN60.o (not found)
Removed property 0xc0000002 to merge build/main.o (not found) and /opt/ps4sdk/libPS4/libPS4.a(kernel.o) (0x3)
Removed property 0xc0000002 to merge build/main.o (not found) and /opt/ps4sdk/libPS4/libPS4.a(module.o) (0x3)

Discarded input sections

 .data          0x0000000000000000        0x0 /tmp/cclYQN60.o
 .bss           0x0000000000000000        0x0 /tmp/cclYQN60.o
 .text          0x0000000000000000        0x0 build/main.o
 .data          0x0000000000000000        0x0 build/main.o
 .bss           0x0000000000000000        0x0 build/main.o
 .comment       0x0000000000000000       0x2c build/main.o
 .note.GNU-stack
                0x0000000000000000        0x0 build/main.o
 .note.gnu.property
                0x0000000000000000       0x20 build/main.o
 .eh_frame      0x0000000000000000       0x50 build/main.o
 .text          0x0000000000000000       0x24 /opt/ps4sdk/libPS4/libPS4.a(kernel.o)
 .data          0x0000000000000000        0x0 /opt/ps4sdk/libPS4/libPS4.a(kernel.o)
 .bss           0x0000000000000000        0x0 /opt/ps4sdk/libPS4/libPS4.a(kernel.o)
 .comment       0x0000000000000000       0x2c /opt/ps4sdk/libPS4/libPS4.a(kernel.o)
 .note.GNU-stack
                0x0000000000000000        0x0 /opt/ps4sdk/libPS4/libPS4.a(kernel.o)
 .note.gnu.property
                0x0000000000000000       0x20 /opt/ps4sdk/libPS4/libPS4.a(kernel.o)
 .eh_frame      0x0000000000000000       0x50 /opt/ps4sdk/libPS4/libPS4.a(kernel.o)
 .data          0x0000000000000000        0x0 /opt/ps4sdk/libPS4/libPS4.a(module.o)
 .bss           0x0000000000000000        0x0 /opt/ps4sdk/libPS4/libPS4.a(module.o)
 .text.getModuleInfo
                0x0000000000000000       0x1f /opt/ps4sdk/libPS4/libPS4.a(module.o)
 .text.unloadModule
                0x0000000000000000       0x19 /opt/ps4sdk/libPS4/libPS4.a(module.o)
 .rodata.initModule.str1.1
                0x0000000000000000       0x2c /opt/ps4sdk/libPS4/libPS4.a(module.o)
 .text.initModule
                0x0000000000000000       0x47 /opt/ps4sdk/libPS4/libPS4.a(module.o)
 .bss.sceSysmoduleLoadModule
                0x0000000000000000        0x8 /opt/ps4sdk/libPS4/libPS4.a(module.o)
 .bss.libModule
                0x0000000000000000        0x4 /opt/ps4sdk/libPS4/libPS4.a(module.o)
 .comment       0x0000000000000000       0x2c /opt/ps4sdk/libPS4/libPS4.a(module.o)
 .note.GNU-stack
                0x0000000000000000        0x0 /opt/ps4sdk/libPS4/libPS4.a(module.o)
 .note.gnu.property
                0x0000000000000000       0x20 /opt/ps4sdk/libPS4/libPS4.a(module.o)
 .eh_frame      0x0000000000000000       0x80 /opt/ps4sdk/libPS4/libPS4.a(module.o)
 .data          0x0000000000000000        0x0 /opt/ps4sdk/libPS4/libPS4.a(syscall.o)
 .bss           0x0000000000000000        0x0 /opt/ps4sdk/libPS4/libPS4.a(syscall.o)

Memory Configuration

Name             Origin             Length             Attributes
*default*        0x0000000000000000 0xffffffffffffffff

Linker script and memory map

LOAD /tmp/cclYQN60.o
LOAD build/main.o

.text           0x0000000000000000      0x47c
 *(.text.start)
 *(.text*)
 .text          0x0000000000000000        0x5 /tmp/cclYQN60.o
                0x0000000000000000                _start
 .text.dlsym    0x0000000000000005       0x19 build/main.o
                0x0000000000000005                dlsym
 .text._main    0x000000000000001e       0x66 build/main.o
                0x000000000000001e                _main
 .text.initKernel
                0x0000000000000084      0x394 /opt/ps4sdk/libPS4/libPS4.a(kernel.o)
                0x0000000000000084                initKernel
 .text          0x0000000000000418       0x18 /opt/ps4sdk/libPS4/libPS4.a(module.o)
                0x0000000000000418                getFunctionAddressByName
                0x0000000000000424                getLoadedModules
 .text.loadModule
                0x0000000000000430       0x1e /opt/ps4sdk/libPS4/libPS4.a(module.o)
                0x0000000000000430                loadModule
 .text          0x000000000000044e       0x2e /opt/ps4sdk/libPS4/libPS4.a(syscall.o)
                0x000000000000044e                syscall
                0x0000000000000451                syscall_macro

.plt            0x0000000000000480        0x0
 .plt           0x0000000000000480        0x0 /tmp/cclYQN60.o

.plt.got        0x0000000000000480        0x0
 .plt.got       0x0000000000000480        0x0 /tmp/cclYQN60.o

.rodata         0x000000000000047c      0x318
 *(.rodata)
 *(.rodata*)
 .rodata._main.str1.1
                0x000000000000047c       0x44 build/main.o
 .rodata.initKernel.str1.1
                0x00000000000004c0      0x2d4 /opt/ps4sdk/libPS4/libPS4.a(kernel.o)

.gnu.version_d  0x0000000000000798        0x0
 .gnu.version_d
                0x0000000000000798        0x0 /tmp/cclYQN60.o

.gnu.version    0x0000000000000794        0x0
 .gnu.version   0x0000000000000794        0x0 /tmp/cclYQN60.o

.gnu.version_r  0x0000000000000798        0x0
 .gnu.version_r
                0x0000000000000798        0x0 /tmp/cclYQN60.o

.dynsym         0x0000000000000798       0x18
 .dynsym        0x0000000000000798       0x18 /tmp/cclYQN60.o

.dynstr         0x00000000000007b0        0x1
 .dynstr        0x00000000000007b0        0x1 /tmp/cclYQN60.o

.gnu.hash       0x00000000000007b8       0x1c
 .gnu.hash      0x00000000000007b8       0x1c /tmp/cclYQN60.o

.eh_frame_hdr   0x00000000000007d4        0x0
 .eh_frame_hdr  0x00000000000007d4        0x0 build/main.o

.rela.dyn       0x00000000000007d8        0x0
 .rela.plt      0x00000000000007d8        0x0 /tmp/cclYQN60.o
 .rela.got      0x00000000000007d8        0x0 /tmp/cclYQN60.o
 .rela.bss      0x00000000000007d8        0x0 /tmp/cclYQN60.o
 .rela.data.rel.ro
                0x00000000000007d8        0x0 /tmp/cclYQN60.o
 .rela.ifunc    0x00000000000007d8        0x0 /tmp/cclYQN60.o

.data
 *(.data)

.dynamic        0x00000000000007d8       0xe0
 .dynamic       0x00000000000007d8       0xe0 /tmp/cclYQN60.o
                0x00000000000007d8                _DYNAMIC

.got            0x00000000000008b8        0x0
 .got           0x00000000000008b8        0x0 /tmp/cclYQN60.o

.got.plt        0x00000000000008b8        0x0
 .got.plt       0x00000000000008b8        0x0 /tmp/cclYQN60.o

.data.rel.ro    0x00000000000008b8        0x0
 .data.rel.ro   0x00000000000008b8        0x0 /tmp/cclYQN60.o

.bss
 *(.bss)

.dynbss         0x00000000000008b8        0x0
 .dynbss        0x00000000000008b8        0x0 /tmp/cclYQN60.o

.bss.__init     0x00000000000008b8        0x8
 .bss.__init    0x00000000000008b8        0x8 build/main.o

.bss.sceKernelGetCpuTemperature
                0x00000000000008c0        0x8
 .bss.sceKernelGetCpuTemperature
                0x00000000000008c0        0x8 /opt/ps4sdk/libPS4/libPS4.a(kernel.o)
                0x00000000000008c0                sceKernelGetCpuTemperature

.bss.sceKernelGetSystemSwVersion
                0x00000000000008c8        0x8
 .bss.sceKernelGetSystemSwVersion
                0x00000000000008c8        0x8 /opt/ps4sdk/libPS4/libPS4.a(kernel.o)
                0x00000000000008c8                sceKernelGetSystemSwVersion

.bss.sceKernelGetFsSandboxRandomWord
                0x00000000000008d0        0x8
 .bss.sceKernelGetFsSandboxRandomWord
                0x00000000000008d0        0x8 /opt/ps4sdk/libPS4/libPS4.a(kernel.o)
                0x00000000000008d0                sceKernelGetFsSandboxRandomWord

.bss.sceKernelSendNotificationRequest
                0x00000000000008d8        0x8
 .bss.sceKernelSendNotificationRequest
                0x00000000000008d8        0x8 /opt/ps4sdk/libPS4/libPS4.a(kernel.o)
                0x00000000000008d8                sceKernelSendNotificationRequest

.bss.setregid   0x00000000000008e0        0x8
 .bss.setregid  0x00000000000008e0        0x8 /opt/ps4sdk/libPS4/libPS4.a(kernel.o)
                0x00000000000008e0                setregid

.bss.setreuid   0x00000000000008e8        0x8
 .bss.setreuid  0x00000000000008e8        0x8 /opt/ps4sdk/libPS4/libPS4.a(kernel.o)
                0x00000000000008e8                setreuid

.bss.setgid     0x00000000000008f0        0x8
 .bss.setgid    0x00000000000008f0        0x8 /opt/ps4sdk/libPS4/libPS4.a(kernel.o)
                0x00000000000008f0                setgid

.bss.setuid     0x00000000000008f8        0x8
 .bss.setuid    0x00000000000008f8        0x8 /opt/ps4sdk/libPS4/libPS4.a(kernel.o)
                0x00000000000008f8                setuid

.bss.getpid     0x0000000000000900        0x8
 .bss.getpid    0x0000000000000900        0x8 /opt/ps4sdk/libPS4/libPS4.a(kernel.o)
                0x0000000000000900                getpid

.bss.getgid     0x0000000000000908        0x8
 .bss.getgid    0x0000000000000908        0x8 /opt/ps4sdk/libPS4/libPS4.a(kernel.o)
                0x0000000000000908                getgid

.bss.getuid     0x0000000000000910        0x8
 .bss.getuid    0x0000000000000910        0x8 /opt/ps4sdk/libPS4/libPS4.a(kernel.o)
                0x0000000000000910                getuid

.bss.sceKernelAddReadEvent
                0x0000000000000918        0x8
 .bss.sceKernelAddReadEvent
                0x0000000000000918        0x8 /opt/ps4sdk/libPS4/libPS4.a(kernel.o)
                0x0000000000000918                sceKernelAddReadEvent

.bss.sceKernelAddUserEvent
                0x0000000000000920        0x8
 .bss.sceKernelAddUserEvent
                0x0000000000000920        0x8 /opt/ps4sdk/libPS4/libPS4.a(kernel.o)
                0x0000000000000920                sceKernelAddUserEvent

.bss.sceKernelDeleteEqueue
                0x0000000000000928        0x8
 .bss.sceKernelDeleteEqueue
                0x0000000000000928        0x8 /opt/ps4sdk/libPS4/libPS4.a(kernel.o)
                0x0000000000000928                sceKernelDeleteEqueue

.bss.sceKernelCreateEqueue
                0x0000000000000930        0x8
 .bss.sceKernelCreateEqueue
                0x0000000000000930        0x8 /opt/ps4sdk/libPS4/libPS4.a(kernel.o)
                0x0000000000000930                sceKernelCreateEqueue

.bss.pthread_setaffinity_np
                0x0000000000000938        0x8
 .bss.pthread_setaffinity_np
                0x0000000000000938        0x8 /opt/ps4sdk/libPS4/libPS4.a(kernel.o)
                0x0000000000000938                pthread_setaffinity_np

.bss.pthread_self
                0x0000000000000940        0x8
 .bss.pthread_self
                0x0000000000000940        0x8 /opt/ps4sdk/libPS4/libPS4.a(kernel.o)
                0x0000000000000940                pthread_self

.bss.execve     0x0000000000000948        0x8
 .bss.execve    0x0000000000000948        0x8 /opt/ps4sdk/libPS4/libPS4.a(kernel.o)
                0x0000000000000948                execve

.bss.sysarch    0x0000000000000950        0x8
 .bss.sysarch   0x0000000000000950        0x8 /opt/ps4sdk/libPS4/libPS4.a(kernel.o)
                0x0000000000000950                sysarch

.bss.sysctlbyname
                0x0000000000000958        0x8
 .bss.sysctlbyname
                0x0000000000000958        0x8 /opt/ps4sdk/libPS4/libPS4.a(kernel.o)
                0x0000000000000958                sysctlbyname

.bss.sysctl     0x0000000000000960        0x8
 .bss.sysctl    0x0000000000000960        0x8 /opt/ps4sdk/libPS4/libPS4.a(kernel.o)
                0x0000000000000960                sysctl

.bss.sceKernelGetCurrentCpu
                0x0000000000000968        0x8
 .bss.sceKernelGetCurrentCpu
                0x0000000000000968        0x8 /opt/ps4sdk/libPS4/libPS4.a(kernel.o)
                0x0000000000000968                sceKernelGetCurrentCpu

.bss.sceKernelGetProcessTime
                0x0000000000000970        0x8
 .bss.sceKernelGetProcessTime
                0x0000000000000970        0x8 /opt/ps4sdk/libPS4/libPS4.a(kernel.o)
                0x0000000000000970                sceKernelGetProcessTime

.bss.sceKernelGettimeofday
                0x0000000000000978        0x8
 .bss.sceKernelGettimeofday
                0x0000000000000978        0x8 /opt/ps4sdk/libPS4/libPS4.a(kernel.o)
                0x0000000000000978                sceKernelGettimeofday

.bss.sceKernelUsleep
                0x0000000000000980        0x8
 .bss.sceKernelUsleep
                0x0000000000000980        0x8 /opt/ps4sdk/libPS4/libPS4.a(kernel.o)
                0x0000000000000980                sceKernelUsleep

.bss.sceKernelSleep
                0x0000000000000988        0x8
 .bss.sceKernelSleep
                0x0000000000000988        0x8 /opt/ps4sdk/libPS4/libPS4.a(kernel.o)
                0x0000000000000988                sceKernelSleep

.bss.sceKernelClose
                0x0000000000000990        0x8
 .bss.sceKernelClose
                0x0000000000000990        0x8 /opt/ps4sdk/libPS4/libPS4.a(kernel.o)
                0x0000000000000990                sceKernelClose

.bss.sceKernelLseek
                0x0000000000000998        0x8
 .bss.sceKernelLseek
                0x0000000000000998        0x8 /opt/ps4sdk/libPS4/libPS4.a(kernel.o)
                0x0000000000000998                sceKernelLseek

.bss.sceKernelRead
                0x00000000000009a0        0x8
 .bss.sceKernelRead
                0x00000000000009a0        0x8 /opt/ps4sdk/libPS4/libPS4.a(kernel.o)
                0x00000000000009a0                sceKernelRead

.bss.sceKernelOpen
                0x00000000000009a8        0x8
 .bss.sceKernelOpen
                0x00000000000009a8        0x8 /opt/ps4sdk/libPS4/libPS4.a(kernel.o)
                0x00000000000009a8                sceKernelOpen

.bss.sceKernelStat
                0x00000000000009b0        0x8
 .bss.sceKernelStat
                0x00000000000009b0        0x8 /opt/ps4sdk/libPS4/libPS4.a(kernel.o)
                0x00000000000009b0                sceKernelStat

.bss.sceKernelGetDirectMemorySize
                0x00000000000009b8        0x8
 .bss.sceKernelGetDirectMemorySize
                0x00000000000009b8        0x8 /opt/ps4sdk/libPS4/libPS4.a(kernel.o)
                0x00000000000009b8                sceKernelGetDirectMemorySize

.bss.sceKernelMapDirectMemory
                0x00000000000009c0        0x8
 .bss.sceKernelMapDirectMemory
                0x00000000000009c0        0x8 /opt/ps4sdk/libPS4/libPS4.a(kernel.o)
                0x00000000000009c0                sceKernelMapDirectMemory

.bss.sceKernelAllocateDirectMemory
                0x00000000000009c8        0x8
 .bss.sceKernelAllocateDirectMemory
                0x00000000000009c8        0x8 /opt/ps4sdk/libPS4/libPS4.a(kernel.o)
                0x00000000000009c8                sceKernelAllocateDirectMemory

.bss.sceKernelLoadStartModule
                0x00000000000009d0        0x8
 .bss.sceKernelLoadStartModule
                0x00000000000009d0        0x8 /opt/ps4sdk/libPS4/libPS4.a(kernel.o)
                0x00000000000009d0                sceKernelLoadStartModule

.bss.sceKernelError
                0x00000000000009d8        0x8
 .bss.sceKernelError
                0x00000000000009d8        0x8 /opt/ps4sdk/libPS4/libPS4.a(kernel.o)
                0x00000000000009d8                sceKernelError

.bss.__error    0x00000000000009e0        0x8
 .bss.__error   0x00000000000009e0        0x8 /opt/ps4sdk/libPS4/libPS4.a(kernel.o)
                0x00000000000009e0                __error

.bss.__stack_chk_fail
                0x00000000000009e8        0x8
 .bss.__stack_chk_fail
                0x00000000000009e8        0x8 /opt/ps4sdk/libPS4/libPS4.a(kernel.o)
                0x00000000000009e8                __stack_chk_fail

.bss.__stack_chk_guard
                0x00000000000009f0        0x8
 .bss.__stack_chk_guard
                0x00000000000009f0        0x8 /opt/ps4sdk/libPS4/libPS4.a(kernel.o)
                0x00000000000009f0                __stack_chk_guard

.bss.libKernelHandle
                0x00000000000009f8        0x4
 .bss.libKernelHandle
                0x00000000000009f8        0x4 /opt/ps4sdk/libPS4/libPS4.a(kernel.o)
                0x00000000000009f8                libKernelHandle

/DISCARD/
 *(.comment)
 *(.note.GNU-stack)
 *(.eh_frame)
 *(.interp)
LOAD /opt/ps4sdk/libPS4/libPS4.a
OUTPUT(temp.t elf64-x86-64)
