Archive member included to satisfy reference by file (symbol)

/opt/ps4sdk/libPS4/libPS4.a(kernel.o)
                              build/main.o (initKernel)
/opt/ps4sdk/libPS4/libPS4.a(libc.o)
                              build/main.o (initLibc)
/opt/ps4sdk/libPS4/libPS4.a(module.o)
                              /opt/ps4sdk/libPS4/libPS4.a(kernel.o) (getFunctionAddressByName)
/opt/ps4sdk/libPS4/libPS4.a(syscall.o)
                              build/main.o (syscall)

Merging program properties

Removed property 0xc0000002 to merge build/main.o (0x3) and /tmp/ccM1xq29.o (not found)
Removed property 0xc0000002 to merge build/main.o (not found) and /opt/ps4sdk/libPS4/libPS4.a(kernel.o) (0x3)
Removed property 0xc0000002 to merge build/main.o (not found) and /opt/ps4sdk/libPS4/libPS4.a(libc.o) (0x3)
Removed property 0xc0000002 to merge build/main.o (not found) and /opt/ps4sdk/libPS4/libPS4.a(module.o) (0x3)

Discarded input sections

 .data          0x0000000000000000        0x0 /tmp/ccM1xq29.o
 .bss           0x0000000000000000        0x0 /tmp/ccM1xq29.o
 .text          0x0000000000000000        0x0 build/main.o
 .data          0x0000000000000000        0x0 build/main.o
 .bss           0x0000000000000000        0x0 build/main.o
 .comment       0x0000000000000000       0x2c build/main.o
 .note.GNU-stack
                0x0000000000000000        0x0 build/main.o
 .note.gnu.property
                0x0000000000000000       0x20 build/main.o
 .eh_frame      0x0000000000000000       0x50 build/main.o
 .text          0x0000000000000000       0x24 /opt/ps4sdk/libPS4/libPS4.a(kernel.o)
 .data          0x0000000000000000        0x0 /opt/ps4sdk/libPS4/libPS4.a(kernel.o)
 .bss           0x0000000000000000        0x0 /opt/ps4sdk/libPS4/libPS4.a(kernel.o)
 .comment       0x0000000000000000       0x2c /opt/ps4sdk/libPS4/libPS4.a(kernel.o)
 .note.GNU-stack
                0x0000000000000000        0x0 /opt/ps4sdk/libPS4/libPS4.a(kernel.o)
 .note.gnu.property
                0x0000000000000000       0x20 /opt/ps4sdk/libPS4/libPS4.a(kernel.o)
 .eh_frame      0x0000000000000000       0x50 /opt/ps4sdk/libPS4/libPS4.a(kernel.o)
 .text          0x0000000000000000        0x0 /opt/ps4sdk/libPS4/libPS4.a(libc.o)
 .data          0x0000000000000000        0x0 /opt/ps4sdk/libPS4/libPS4.a(libc.o)
 .bss           0x0000000000000000        0x0 /opt/ps4sdk/libPS4/libPS4.a(libc.o)
 .text.memset_s
                0x0000000000000000       0x51 /opt/ps4sdk/libPS4/libPS4.a(libc.o)
 .comment       0x0000000000000000       0x2c /opt/ps4sdk/libPS4/libPS4.a(libc.o)
 .note.GNU-stack
                0x0000000000000000        0x0 /opt/ps4sdk/libPS4/libPS4.a(libc.o)
 .note.gnu.property
                0x0000000000000000       0x20 /opt/ps4sdk/libPS4/libPS4.a(libc.o)
 .eh_frame      0x0000000000000000       0x68 /opt/ps4sdk/libPS4/libPS4.a(libc.o)
 .data          0x0000000000000000        0x0 /opt/ps4sdk/libPS4/libPS4.a(module.o)
 .bss           0x0000000000000000        0x0 /opt/ps4sdk/libPS4/libPS4.a(module.o)
 .text.getModuleInfo
                0x0000000000000000       0x1f /opt/ps4sdk/libPS4/libPS4.a(module.o)
 .text.unloadModule
                0x0000000000000000       0x19 /opt/ps4sdk/libPS4/libPS4.a(module.o)
 .rodata.initModule.str1.1
                0x0000000000000000       0x2c /opt/ps4sdk/libPS4/libPS4.a(module.o)
 .text.initModule
                0x0000000000000000       0x47 /opt/ps4sdk/libPS4/libPS4.a(module.o)
 .bss.sceSysmoduleLoadModule
                0x0000000000000000        0x8 /opt/ps4sdk/libPS4/libPS4.a(module.o)
 .bss.libModule
                0x0000000000000000        0x4 /opt/ps4sdk/libPS4/libPS4.a(module.o)
 .comment       0x0000000000000000       0x2c /opt/ps4sdk/libPS4/libPS4.a(module.o)
 .note.GNU-stack
                0x0000000000000000        0x0 /opt/ps4sdk/libPS4/libPS4.a(module.o)
 .note.gnu.property
                0x0000000000000000       0x20 /opt/ps4sdk/libPS4/libPS4.a(module.o)
 .eh_frame      0x0000000000000000       0x80 /opt/ps4sdk/libPS4/libPS4.a(module.o)
 .data          0x0000000000000000        0x0 /opt/ps4sdk/libPS4/libPS4.a(syscall.o)
 .bss           0x0000000000000000        0x0 /opt/ps4sdk/libPS4/libPS4.a(syscall.o)

Memory Configuration

Name             Origin             Length             Attributes
*default*        0x0000000000000000 0xffffffffffffffff

Linker script and memory map

LOAD /tmp/ccM1xq29.o
LOAD build/main.o

.text           0x0000000000000000      0xa52
 *(.text.start)
 *(.text*)
 .text          0x0000000000000000        0x5 /tmp/ccM1xq29.o
                0x0000000000000000                _start
 .text.sceKernelDlsym
                0x0000000000000005       0x19 build/main.o
                0x0000000000000005                sceKernelDlsym
 .text._main    0x000000000000001e       0x6b build/main.o
                0x000000000000001e                _main
 .text.initKernel
                0x0000000000000089      0x394 /opt/ps4sdk/libPS4/libPS4.a(kernel.o)
                0x0000000000000089                initKernel
 .text.initLibc
                0x000000000000041d      0x5d1 /opt/ps4sdk/libPS4/libPS4.a(libc.o)
                0x000000000000041d                initLibc
 .text          0x00000000000009ee       0x18 /opt/ps4sdk/libPS4/libPS4.a(module.o)
                0x00000000000009ee                getFunctionAddressByName
                0x00000000000009fa                getLoadedModules
 .text.loadModule
                0x0000000000000a06       0x1e /opt/ps4sdk/libPS4/libPS4.a(module.o)
                0x0000000000000a06                loadModule
 .text          0x0000000000000a24       0x2e /opt/ps4sdk/libPS4/libPS4.a(syscall.o)
                0x0000000000000a24                syscall
                0x0000000000000a27                syscall_macro

.plt            0x0000000000000a60        0x0
 .plt           0x0000000000000a60        0x0 /tmp/ccM1xq29.o

.plt.got        0x0000000000000a58        0x0
 .plt.got       0x0000000000000a58        0x0 /tmp/ccM1xq29.o

.rodata         0x0000000000000a52      0x505
 *(.rodata)
 *(.rodata*)
 .rodata._main.str1.1
                0x0000000000000a52       0x39 build/main.o
 .rodata.initKernel.str1.1
                0x0000000000000a8b      0x2d4 /opt/ps4sdk/libPS4/libPS4.a(kernel.o)
 .rodata.initLibc.str1.1
                0x0000000000000d5f      0x1f8 /opt/ps4sdk/libPS4/libPS4.a(libc.o)
                                        0x216 (size before relaxing)

.gnu.version_d  0x0000000000000f58        0x0
 .gnu.version_d
                0x0000000000000f58        0x0 /tmp/ccM1xq29.o

.gnu.version    0x0000000000000f58        0x0
 .gnu.version   0x0000000000000f58        0x0 /tmp/ccM1xq29.o

.gnu.version_r  0x0000000000000f58        0x0
 .gnu.version_r
                0x0000000000000f58        0x0 /tmp/ccM1xq29.o

.dynsym         0x0000000000000f58       0x18
 .dynsym        0x0000000000000f58       0x18 /tmp/ccM1xq29.o

.dynstr         0x0000000000000f70        0x1
 .dynstr        0x0000000000000f70        0x1 /tmp/ccM1xq29.o

.gnu.hash       0x0000000000000f78       0x1c
 .gnu.hash      0x0000000000000f78       0x1c /tmp/ccM1xq29.o

.eh_frame_hdr   0x0000000000000f94        0x0
 .eh_frame_hdr  0x0000000000000f94        0x0 build/main.o

.rela.dyn       0x0000000000000f98        0x0
 .rela.plt      0x0000000000000f98        0x0 /tmp/ccM1xq29.o
 .rela.got      0x0000000000000f98        0x0 /tmp/ccM1xq29.o
 .rela.bss      0x0000000000000f98        0x0 /tmp/ccM1xq29.o
 .rela.data.rel.ro
                0x0000000000000f98        0x0 /tmp/ccM1xq29.o
 .rela.ifunc    0x0000000000000f98        0x0 /tmp/ccM1xq29.o

.data
 *(.data)

.dynamic        0x0000000000000f98       0xe0
 .dynamic       0x0000000000000f98       0xe0 /tmp/ccM1xq29.o
                0x0000000000000f98                _DYNAMIC

.got            0x0000000000001078        0x0
 .got           0x0000000000001078        0x0 /tmp/ccM1xq29.o

.got.plt        0x0000000000001078        0x0
 .got.plt       0x0000000000001078        0x0 /tmp/ccM1xq29.o

.data.rel.ro    0x0000000000001078        0x0
 .data.rel.ro   0x0000000000001078        0x0 /tmp/ccM1xq29.o

.bss
 *(.bss)

.dynbss         0x0000000000001078        0x0
 .dynbss        0x0000000000001078        0x0 /tmp/ccM1xq29.o

.bss.__wrap__init
                0x0000000000001078        0x8
 .bss.__wrap__init
                0x0000000000001078        0x8 build/main.o

.bss.sceKernelGetCpuTemperature
                0x0000000000001080        0x8
 .bss.sceKernelGetCpuTemperature
                0x0000000000001080        0x8 /opt/ps4sdk/libPS4/libPS4.a(kernel.o)
                0x0000000000001080                sceKernelGetCpuTemperature

.bss.sceKernelGetSystemSwVersion
                0x0000000000001088        0x8
 .bss.sceKernelGetSystemSwVersion
                0x0000000000001088        0x8 /opt/ps4sdk/libPS4/libPS4.a(kernel.o)
                0x0000000000001088                sceKernelGetSystemSwVersion

.bss.sceKernelGetFsSandboxRandomWord
                0x0000000000001090        0x8
 .bss.sceKernelGetFsSandboxRandomWord
                0x0000000000001090        0x8 /opt/ps4sdk/libPS4/libPS4.a(kernel.o)
                0x0000000000001090                sceKernelGetFsSandboxRandomWord

.bss.sceKernelSendNotificationRequest
                0x0000000000001098        0x8
 .bss.sceKernelSendNotificationRequest
                0x0000000000001098        0x8 /opt/ps4sdk/libPS4/libPS4.a(kernel.o)
                0x0000000000001098                sceKernelSendNotificationRequest

.bss.setregid   0x00000000000010a0        0x8
 .bss.setregid  0x00000000000010a0        0x8 /opt/ps4sdk/libPS4/libPS4.a(kernel.o)
                0x00000000000010a0                setregid

.bss.setreuid   0x00000000000010a8        0x8
 .bss.setreuid  0x00000000000010a8        0x8 /opt/ps4sdk/libPS4/libPS4.a(kernel.o)
                0x00000000000010a8                setreuid

.bss.setgid     0x00000000000010b0        0x8
 .bss.setgid    0x00000000000010b0        0x8 /opt/ps4sdk/libPS4/libPS4.a(kernel.o)
                0x00000000000010b0                setgid

.bss.setuid     0x00000000000010b8        0x8
 .bss.setuid    0x00000000000010b8        0x8 /opt/ps4sdk/libPS4/libPS4.a(kernel.o)
                0x00000000000010b8                setuid

.bss.getpid     0x00000000000010c0        0x8
 .bss.getpid    0x00000000000010c0        0x8 /opt/ps4sdk/libPS4/libPS4.a(kernel.o)
                0x00000000000010c0                getpid

.bss.getgid     0x00000000000010c8        0x8
 .bss.getgid    0x00000000000010c8        0x8 /opt/ps4sdk/libPS4/libPS4.a(kernel.o)
                0x00000000000010c8                getgid

.bss.getuid     0x00000000000010d0        0x8
 .bss.getuid    0x00000000000010d0        0x8 /opt/ps4sdk/libPS4/libPS4.a(kernel.o)
                0x00000000000010d0                getuid

.bss.sceKernelAddReadEvent
                0x00000000000010d8        0x8
 .bss.sceKernelAddReadEvent
                0x00000000000010d8        0x8 /opt/ps4sdk/libPS4/libPS4.a(kernel.o)
                0x00000000000010d8                sceKernelAddReadEvent

.bss.sceKernelAddUserEvent
                0x00000000000010e0        0x8
 .bss.sceKernelAddUserEvent
                0x00000000000010e0        0x8 /opt/ps4sdk/libPS4/libPS4.a(kernel.o)
                0x00000000000010e0                sceKernelAddUserEvent

.bss.sceKernelDeleteEqueue
                0x00000000000010e8        0x8
 .bss.sceKernelDeleteEqueue
                0x00000000000010e8        0x8 /opt/ps4sdk/libPS4/libPS4.a(kernel.o)
                0x00000000000010e8                sceKernelDeleteEqueue

.bss.sceKernelCreateEqueue
                0x00000000000010f0        0x8
 .bss.sceKernelCreateEqueue
                0x00000000000010f0        0x8 /opt/ps4sdk/libPS4/libPS4.a(kernel.o)
                0x00000000000010f0                sceKernelCreateEqueue

.bss.pthread_setaffinity_np
                0x00000000000010f8        0x8
 .bss.pthread_setaffinity_np
                0x00000000000010f8        0x8 /opt/ps4sdk/libPS4/libPS4.a(kernel.o)
                0x00000000000010f8                pthread_setaffinity_np

.bss.pthread_self
                0x0000000000001100        0x8
 .bss.pthread_self
                0x0000000000001100        0x8 /opt/ps4sdk/libPS4/libPS4.a(kernel.o)
                0x0000000000001100                pthread_self

.bss.execve     0x0000000000001108        0x8
 .bss.execve    0x0000000000001108        0x8 /opt/ps4sdk/libPS4/libPS4.a(kernel.o)
                0x0000000000001108                execve

.bss.sysarch    0x0000000000001110        0x8
 .bss.sysarch   0x0000000000001110        0x8 /opt/ps4sdk/libPS4/libPS4.a(kernel.o)
                0x0000000000001110                sysarch

.bss.sysctlbyname
                0x0000000000001118        0x8
 .bss.sysctlbyname
                0x0000000000001118        0x8 /opt/ps4sdk/libPS4/libPS4.a(kernel.o)
                0x0000000000001118                sysctlbyname

.bss.sysctl     0x0000000000001120        0x8
 .bss.sysctl    0x0000000000001120        0x8 /opt/ps4sdk/libPS4/libPS4.a(kernel.o)
                0x0000000000001120                sysctl

.bss.sceKernelGetCurrentCpu
                0x0000000000001128        0x8
 .bss.sceKernelGetCurrentCpu
                0x0000000000001128        0x8 /opt/ps4sdk/libPS4/libPS4.a(kernel.o)
                0x0000000000001128                sceKernelGetCurrentCpu

.bss.sceKernelGetProcessTime
                0x0000000000001130        0x8
 .bss.sceKernelGetProcessTime
                0x0000000000001130        0x8 /opt/ps4sdk/libPS4/libPS4.a(kernel.o)
                0x0000000000001130                sceKernelGetProcessTime

.bss.sceKernelGettimeofday
                0x0000000000001138        0x8
 .bss.sceKernelGettimeofday
                0x0000000000001138        0x8 /opt/ps4sdk/libPS4/libPS4.a(kernel.o)
                0x0000000000001138                sceKernelGettimeofday

.bss.sceKernelUsleep
                0x0000000000001140        0x8
 .bss.sceKernelUsleep
                0x0000000000001140        0x8 /opt/ps4sdk/libPS4/libPS4.a(kernel.o)
                0x0000000000001140                sceKernelUsleep

.bss.sceKernelSleep
                0x0000000000001148        0x8
 .bss.sceKernelSleep
                0x0000000000001148        0x8 /opt/ps4sdk/libPS4/libPS4.a(kernel.o)
                0x0000000000001148                sceKernelSleep

.bss.sceKernelClose
                0x0000000000001150        0x8
 .bss.sceKernelClose
                0x0000000000001150        0x8 /opt/ps4sdk/libPS4/libPS4.a(kernel.o)
                0x0000000000001150                sceKernelClose

.bss.sceKernelLseek
                0x0000000000001158        0x8
 .bss.sceKernelLseek
                0x0000000000001158        0x8 /opt/ps4sdk/libPS4/libPS4.a(kernel.o)
                0x0000000000001158                sceKernelLseek

.bss.sceKernelRead
                0x0000000000001160        0x8
 .bss.sceKernelRead
                0x0000000000001160        0x8 /opt/ps4sdk/libPS4/libPS4.a(kernel.o)
                0x0000000000001160                sceKernelRead

.bss.sceKernelOpen
                0x0000000000001168        0x8
 .bss.sceKernelOpen
                0x0000000000001168        0x8 /opt/ps4sdk/libPS4/libPS4.a(kernel.o)
                0x0000000000001168                sceKernelOpen

.bss.sceKernelStat
                0x0000000000001170        0x8
 .bss.sceKernelStat
                0x0000000000001170        0x8 /opt/ps4sdk/libPS4/libPS4.a(kernel.o)
                0x0000000000001170                sceKernelStat

.bss.sceKernelGetDirectMemorySize
                0x0000000000001178        0x8
 .bss.sceKernelGetDirectMemorySize
                0x0000000000001178        0x8 /opt/ps4sdk/libPS4/libPS4.a(kernel.o)
                0x0000000000001178                sceKernelGetDirectMemorySize

.bss.sceKernelMapDirectMemory
                0x0000000000001180        0x8
 .bss.sceKernelMapDirectMemory
                0x0000000000001180        0x8 /opt/ps4sdk/libPS4/libPS4.a(kernel.o)
                0x0000000000001180                sceKernelMapDirectMemory

.bss.sceKernelAllocateDirectMemory
                0x0000000000001188        0x8
 .bss.sceKernelAllocateDirectMemory
                0x0000000000001188        0x8 /opt/ps4sdk/libPS4/libPS4.a(kernel.o)
                0x0000000000001188                sceKernelAllocateDirectMemory

.bss.sceKernelLoadStartModule
                0x0000000000001190        0x8
 .bss.sceKernelLoadStartModule
                0x0000000000001190        0x8 /opt/ps4sdk/libPS4/libPS4.a(kernel.o)
                0x0000000000001190                sceKernelLoadStartModule

.bss.sceKernelError
                0x0000000000001198        0x8
 .bss.sceKernelError
                0x0000000000001198        0x8 /opt/ps4sdk/libPS4/libPS4.a(kernel.o)
                0x0000000000001198                sceKernelError

.bss.__error    0x00000000000011a0        0x8
 .bss.__error   0x00000000000011a0        0x8 /opt/ps4sdk/libPS4/libPS4.a(kernel.o)
                0x00000000000011a0                __error

.bss.__stack_chk_fail
                0x00000000000011a8        0x8
 .bss.__stack_chk_fail
                0x00000000000011a8        0x8 /opt/ps4sdk/libPS4/libPS4.a(kernel.o)
                0x00000000000011a8                __stack_chk_fail

.bss.__stack_chk_guard
                0x00000000000011b0        0x8
 .bss.__stack_chk_guard
                0x00000000000011b0        0x8 /opt/ps4sdk/libPS4/libPS4.a(kernel.o)
                0x00000000000011b0                __stack_chk_guard

.bss.libKernelHandle
                0x00000000000011b8        0x4
 .bss.libKernelHandle
                0x00000000000011b8        0x4 /opt/ps4sdk/libPS4/libPS4.a(kernel.o)
                0x00000000000011b8                libKernelHandle

.bss.fprintf    0x00000000000011c0        0x8
 .bss.fprintf   0x00000000000011c0        0x8 /opt/ps4sdk/libPS4/libPS4.a(libc.o)
                0x00000000000011c0                fprintf

.bss.fclose     0x00000000000011c8        0x8
 .bss.fclose    0x00000000000011c8        0x8 /opt/ps4sdk/libPS4/libPS4.a(libc.o)
                0x00000000000011c8                fclose

.bss.ftell      0x00000000000011d0        0x8
 .bss.ftell     0x00000000000011d0        0x8 /opt/ps4sdk/libPS4/libPS4.a(libc.o)
                0x00000000000011d0                ftell

.bss.fseek      0x00000000000011d8        0x8
 .bss.fseek     0x00000000000011d8        0x8 /opt/ps4sdk/libPS4/libPS4.a(libc.o)
                0x00000000000011d8                fseek

.bss.fwrite     0x00000000000011e0        0x8
 .bss.fwrite    0x00000000000011e0        0x8 /opt/ps4sdk/libPS4/libPS4.a(libc.o)
                0x00000000000011e0                fwrite

.bss.fread      0x00000000000011e8        0x8
 .bss.fread     0x00000000000011e8        0x8 /opt/ps4sdk/libPS4/libPS4.a(libc.o)
                0x00000000000011e8                fread

.bss.fopen      0x00000000000011f0        0x8
 .bss.fopen     0x00000000000011f0        0x8 /opt/ps4sdk/libPS4/libPS4.a(libc.o)
                0x00000000000011f0                fopen

.bss.getprogname
                0x00000000000011f8        0x8
 .bss.getprogname
                0x00000000000011f8        0x8 /opt/ps4sdk/libPS4/libPS4.a(libc.o)
                0x00000000000011f8                getprogname

.bss.dirfd      0x0000000000001200        0x8
 .bss.dirfd     0x0000000000001200        0x8 /opt/ps4sdk/libPS4/libPS4.a(libc.o)
                0x0000000000001200                dirfd

.bss.closedir   0x0000000000001208        0x8
 .bss.closedir  0x0000000000001208        0x8 /opt/ps4sdk/libPS4/libPS4.a(libc.o)
                0x0000000000001208                closedir

.bss.rewinddir  0x0000000000001210        0x8
 .bss.rewinddir
                0x0000000000001210        0x8 /opt/ps4sdk/libPS4/libPS4.a(libc.o)
                0x0000000000001210                rewinddir

.bss.seekdir    0x0000000000001218        0x8
 .bss.seekdir   0x0000000000001218        0x8 /opt/ps4sdk/libPS4/libPS4.a(libc.o)
                0x0000000000001218                seekdir

.bss.telldir    0x0000000000001220        0x8
 .bss.telldir   0x0000000000001220        0x8 /opt/ps4sdk/libPS4/libPS4.a(libc.o)
                0x0000000000001220                telldir

.bss.readdir_r  0x0000000000001228        0x8
 .bss.readdir_r
                0x0000000000001228        0x8 /opt/ps4sdk/libPS4/libPS4.a(libc.o)
                0x0000000000001228                readdir_r

.bss.readdir    0x0000000000001230        0x8
 .bss.readdir   0x0000000000001230        0x8 /opt/ps4sdk/libPS4/libPS4.a(libc.o)
                0x0000000000001230                readdir

.bss.opendir    0x0000000000001238        0x8
 .bss.opendir   0x0000000000001238        0x8 /opt/ps4sdk/libPS4/libPS4.a(libc.o)
                0x0000000000001238                opendir

.bss.mktime     0x0000000000001240        0x8
 .bss.mktime    0x0000000000001240        0x8 /opt/ps4sdk/libPS4/libPS4.a(libc.o)
                0x0000000000001240                mktime

.bss.localtime_r
                0x0000000000001248        0x8
 .bss.localtime_r
                0x0000000000001248        0x8 /opt/ps4sdk/libPS4/libPS4.a(libc.o)
                0x0000000000001248                localtime_r

.bss.localtime  0x0000000000001250        0x8
 .bss.localtime
                0x0000000000001250        0x8 /opt/ps4sdk/libPS4/libPS4.a(libc.o)
                0x0000000000001250                localtime

.bss.gmtime_s   0x0000000000001258        0x8
 .bss.gmtime_s  0x0000000000001258        0x8 /opt/ps4sdk/libPS4/libPS4.a(libc.o)
                0x0000000000001258                gmtime_s

.bss.gmtime     0x0000000000001260        0x8
 .bss.gmtime    0x0000000000001260        0x8 /opt/ps4sdk/libPS4/libPS4.a(libc.o)
                0x0000000000001260                gmtime

.bss.time       0x0000000000001268        0x8
 .bss.time      0x0000000000001268        0x8 /opt/ps4sdk/libPS4/libPS4.a(libc.o)
                0x0000000000001268                time

.bss.ctime_r    0x0000000000001270        0x8
 .bss.ctime_r   0x0000000000001270        0x8 /opt/ps4sdk/libPS4/libPS4.a(libc.o)
                0x0000000000001270                ctime_r

.bss.ctime      0x0000000000001278        0x8
 .bss.ctime     0x0000000000001278        0x8 /opt/ps4sdk/libPS4/libPS4.a(libc.o)
                0x0000000000001278                ctime

.bss.asctime_r  0x0000000000001280        0x8
 .bss.asctime_r
                0x0000000000001280        0x8 /opt/ps4sdk/libPS4/libPS4.a(libc.o)
                0x0000000000001280                asctime_r

.bss.asctime    0x0000000000001288        0x8
 .bss.asctime   0x0000000000001288        0x8 /opt/ps4sdk/libPS4/libPS4.a(libc.o)
                0x0000000000001288                asctime

.bss.rand       0x0000000000001290        0x8
 .bss.rand      0x0000000000001290        0x8 /opt/ps4sdk/libPS4/libPS4.a(libc.o)
                0x0000000000001290                rand

.bss.srand      0x0000000000001298        0x8
 .bss.srand     0x0000000000001298        0x8 /opt/ps4sdk/libPS4/libPS4.a(libc.o)
                0x0000000000001298                srand

.bss.ceil       0x00000000000012a0        0x8
 .bss.ceil      0x00000000000012a0        0x8 /opt/ps4sdk/libPS4/libPS4.a(libc.o)
                0x00000000000012a0                ceil

.bss.bcopy      0x00000000000012a8        0x8
 .bss.bcopy     0x00000000000012a8        0x8 /opt/ps4sdk/libPS4/libPS4.a(libc.o)
                0x00000000000012a8                bcopy

.bss._Stoul     0x00000000000012b0        0x8
 .bss._Stoul    0x00000000000012b0        0x8 /opt/ps4sdk/libPS4/libPS4.a(libc.o)
                0x00000000000012b0                _Stoul

.bss._Getpctype
                0x00000000000012b8        0x8
 .bss._Getpctype
                0x00000000000012b8        0x8 /opt/ps4sdk/libPS4/libPS4.a(libc.o)
                0x00000000000012b8                _Getpctype

.bss.strerror   0x00000000000012c0        0x8
 .bss.strerror  0x00000000000012c0        0x8 /opt/ps4sdk/libPS4/libPS4.a(libc.o)
                0x00000000000012c0                strerror

.bss.strlcpy    0x00000000000012c8        0x8
 .bss.strlcpy   0x00000000000012c8        0x8 /opt/ps4sdk/libPS4/libPS4.a(libc.o)
                0x00000000000012c8                strlcpy

.bss.atof       0x00000000000012d0        0x8
 .bss.atof      0x00000000000012d0        0x8 /opt/ps4sdk/libPS4/libPS4.a(libc.o)
                0x00000000000012d0                atof

.bss.atoi       0x00000000000012d8        0x8
 .bss.atoi      0x00000000000012d8        0x8 /opt/ps4sdk/libPS4/libPS4.a(libc.o)
                0x00000000000012d8                atoi

.bss.isdigit    0x00000000000012e0        0x8
 .bss.isdigit   0x00000000000012e0        0x8 /opt/ps4sdk/libPS4/libPS4.a(libc.o)
                0x00000000000012e0                isdigit

.bss.rindex     0x00000000000012e8        0x8
 .bss.rindex    0x00000000000012e8        0x8 /opt/ps4sdk/libPS4/libPS4.a(libc.o)
                0x00000000000012e8                rindex

.bss.index      0x00000000000012f0        0x8
 .bss.index     0x00000000000012f0        0x8 /opt/ps4sdk/libPS4/libPS4.a(libc.o)
                0x00000000000012f0                index

.bss.strdup     0x00000000000012f8        0x8
 .bss.strdup    0x00000000000012f8        0x8 /opt/ps4sdk/libPS4/libPS4.a(libc.o)
                0x00000000000012f8                strdup

.bss.strstr     0x0000000000001300        0x8
 .bss.strstr    0x0000000000001300        0x8 /opt/ps4sdk/libPS4/libPS4.a(libc.o)
                0x0000000000001300                strstr

.bss.strrchr    0x0000000000001308        0x8
 .bss.strrchr   0x0000000000001308        0x8 /opt/ps4sdk/libPS4/libPS4.a(libc.o)
                0x0000000000001308                strrchr

.bss.strchr     0x0000000000001310        0x8
 .bss.strchr    0x0000000000001310        0x8 /opt/ps4sdk/libPS4/libPS4.a(libc.o)
                0x0000000000001310                strchr

.bss.strtok     0x0000000000001318        0x8
 .bss.strtok    0x0000000000001318        0x8 /opt/ps4sdk/libPS4/libPS4.a(libc.o)
                0x0000000000001318                strtok

.bss.strtol     0x0000000000001320        0x8
 .bss.strtol    0x0000000000001320        0x8 /opt/ps4sdk/libPS4/libPS4.a(libc.o)
                0x0000000000001320                strtol

.bss.sscanf     0x0000000000001328        0x8
 .bss.sscanf    0x0000000000001328        0x8 /opt/ps4sdk/libPS4/libPS4.a(libc.o)
                0x0000000000001328                sscanf

.bss.snprintf_s
                0x0000000000001330        0x8
 .bss.snprintf_s
                0x0000000000001330        0x8 /opt/ps4sdk/libPS4/libPS4.a(libc.o)
                0x0000000000001330                snprintf_s

.bss.snprintf   0x0000000000001338        0x8
 .bss.snprintf  0x0000000000001338        0x8 /opt/ps4sdk/libPS4/libPS4.a(libc.o)
                0x0000000000001338                snprintf

.bss.sprintf    0x0000000000001340        0x8
 .bss.sprintf   0x0000000000001340        0x8 /opt/ps4sdk/libPS4/libPS4.a(libc.o)
                0x0000000000001340                sprintf

.bss.strncmp    0x0000000000001348        0x8
 .bss.strncmp   0x0000000000001348        0x8 /opt/ps4sdk/libPS4/libPS4.a(libc.o)
                0x0000000000001348                strncmp

.bss.strcmp     0x0000000000001350        0x8
 .bss.strcmp    0x0000000000001350        0x8 /opt/ps4sdk/libPS4/libPS4.a(libc.o)
                0x0000000000001350                strcmp

.bss.strlen     0x0000000000001358        0x8
 .bss.strlen    0x0000000000001358        0x8 /opt/ps4sdk/libPS4/libPS4.a(libc.o)
                0x0000000000001358                strlen

.bss.strncat    0x0000000000001360        0x8
 .bss.strncat   0x0000000000001360        0x8 /opt/ps4sdk/libPS4/libPS4.a(libc.o)
                0x0000000000001360                strncat

.bss.strcat     0x0000000000001368        0x8
 .bss.strcat    0x0000000000001368        0x8 /opt/ps4sdk/libPS4/libPS4.a(libc.o)
                0x0000000000001368                strcat

.bss.strncpy_s  0x0000000000001370        0x8
 .bss.strncpy_s
                0x0000000000001370        0x8 /opt/ps4sdk/libPS4/libPS4.a(libc.o)
                0x0000000000001370                strncpy_s

.bss.strncpy    0x0000000000001378        0x8
 .bss.strncpy   0x0000000000001378        0x8 /opt/ps4sdk/libPS4/libPS4.a(libc.o)
                0x0000000000001378                strncpy

.bss.strcpy     0x0000000000001380        0x8
 .bss.strcpy    0x0000000000001380        0x8 /opt/ps4sdk/libPS4/libPS4.a(libc.o)
                0x0000000000001380                strcpy

.bss.memmove_s  0x0000000000001388        0x8
 .bss.memmove_s
                0x0000000000001388        0x8 /opt/ps4sdk/libPS4/libPS4.a(libc.o)
                0x0000000000001388                memmove_s

.bss.memmove    0x0000000000001390        0x8
 .bss.memmove   0x0000000000001390        0x8 /opt/ps4sdk/libPS4/libPS4.a(libc.o)
                0x0000000000001390                memmove

.bss.memcmp     0x0000000000001398        0x8
 .bss.memcmp    0x0000000000001398        0x8 /opt/ps4sdk/libPS4/libPS4.a(libc.o)
                0x0000000000001398                memcmp

.bss.memcpy     0x00000000000013a0        0x8
 .bss.memcpy    0x00000000000013a0        0x8 /opt/ps4sdk/libPS4/libPS4.a(libc.o)
                0x00000000000013a0                memcpy

.bss.memset     0x00000000000013a8        0x8
 .bss.memset    0x00000000000013a8        0x8 /opt/ps4sdk/libPS4/libPS4.a(libc.o)
                0x00000000000013a8                memset

.bss.memalign   0x00000000000013b0        0x8
 .bss.memalign  0x00000000000013b0        0x8 /opt/ps4sdk/libPS4/libPS4.a(libc.o)
                0x00000000000013b0                memalign

.bss.realloc    0x00000000000013b8        0x8
 .bss.realloc   0x00000000000013b8        0x8 /opt/ps4sdk/libPS4/libPS4.a(libc.o)
                0x00000000000013b8                realloc

.bss.calloc     0x00000000000013c0        0x8
 .bss.calloc    0x00000000000013c0        0x8 /opt/ps4sdk/libPS4/libPS4.a(libc.o)
                0x00000000000013c0                calloc

.bss.free       0x00000000000013c8        0x8
 .bss.free      0x00000000000013c8        0x8 /opt/ps4sdk/libPS4/libPS4.a(libc.o)
                0x00000000000013c8                free

.bss.malloc     0x00000000000013d0        0x8
 .bss.malloc    0x00000000000013d0        0x8 /opt/ps4sdk/libPS4/libPS4.a(libc.o)
                0x00000000000013d0                malloc

.bss.libc       0x00000000000013d8        0x4
 .bss.libc      0x00000000000013d8        0x4 /opt/ps4sdk/libPS4/libPS4.a(libc.o)
                0x00000000000013d8                libc

/DISCARD/
 *(.comment)
 *(.note.GNU-stack)
 *(.eh_frame)
 *(.interp)
LOAD /opt/ps4sdk/libPS4/libPS4.a
OUTPUT(temp.t elf64-x86-64)
